Component: ARM Compiler 5.06 update 6 (build 750) Tool: armlink [4d35ed]

==============================================================================

Section Cross References

    main.o(i.Error_Handler) refers to printf.o(.text) for printf
    main.o(i.SystemClock_Config) refers to rt_memclr_w.o(.text) for __aeabi_memclr4
    main.o(i.SystemClock_Config) refers to stm32f4xx_hal_rcc.o(i.HAL_RCC_OscConfig) for HAL_RCC_OscConfig
    main.o(i.SystemClock_Config) refers to main.o(i.Error_Handler) for Error_Handler
    main.o(i.SystemClock_Config) refers to stm32f4xx_hal_pwr_ex.o(i.HAL_PWREx_EnableOverDrive) for HAL_PWREx_EnableOverDrive
    main.o(i.SystemClock_Config) refers to stm32f4xx_hal_rcc.o(i.HAL_RCC_ClockConfig) for HAL_RCC_ClockConfig
    main.o(i.main) refers to stm32f4xx_hal.o(i.HAL_Init) for HAL_Init
    main.o(i.main) refers to main.o(i.Error_Handler) for Error_Handler
    main.o(i.main) refers to main.o(i.SystemClock_Config) for SystemClock_Config
    main.o(i.main) refers to system_stm32f4xx.o(i.SystemCoreClockUpdate) for SystemCoreClockUpdate
    main.o(i.main) refers to delay.o(i.Init_Delay) for Init_Delay
    main.o(i.main) refers to speaker.o(i.init_speaker) for init_speaker
    main.o(i.main) refers to speaker.o(i.zumbido) for zumbido
    stm32f4xx_it.o(i.SysTick_Handler) refers to stm32f4xx_hal.o(i.HAL_IncTick) for HAL_IncTick
    stm32f4xx_hal_msp.o(i.HAL_TIM_MspPostInit) refers to rt_memclr_w.o(.text) for __aeabi_memclr4
    stm32f4xx_hal_msp.o(i.HAL_TIM_MspPostInit) refers to stm32f4xx_hal_gpio.o(i.HAL_GPIO_Init) for HAL_GPIO_Init
    speaker.o(i.init_speaker) refers to rt_memclr_w.o(.text) for __aeabi_memclr4
    speaker.o(i.init_speaker) refers to stm32f4xx_hal_tim.o(i.HAL_TIM_Base_Init) for HAL_TIM_Base_Init
    speaker.o(i.init_speaker) refers to stm32f4xx_hal_tim.o(i.HAL_TIM_ConfigClockSource) for HAL_TIM_ConfigClockSource
    speaker.o(i.init_speaker) refers to stm32f4xx_hal_tim.o(i.HAL_TIM_PWM_Init) for HAL_TIM_PWM_Init
    speaker.o(i.init_speaker) refers to stm32f4xx_hal_tim_ex.o(i.HAL_TIMEx_MasterConfigSynchronization) for HAL_TIMEx_MasterConfigSynchronization
    speaker.o(i.init_speaker) refers to stm32f4xx_hal_tim.o(i.HAL_TIM_PWM_ConfigChannel) for HAL_TIM_PWM_ConfigChannel
    speaker.o(i.init_speaker) refers to stm32f4xx_hal_tim_ex.o(i.HAL_TIMEx_ConfigBreakDeadTime) for HAL_TIMEx_ConfigBreakDeadTime
    speaker.o(i.init_speaker) refers to stm32f4xx_hal_msp.o(i.HAL_TIM_MspPostInit) for HAL_TIM_MspPostInit
    speaker.o(i.init_speaker) refers to speaker.o(.bss) for htim1
    speaker.o(i.zumbido) refers to stm32f4xx_hal_tim.o(i.HAL_TIM_PWM_Start) for HAL_TIM_PWM_Start
    speaker.o(i.zumbido) refers to delay.o(i.Delay_ms) for Delay_ms
    speaker.o(i.zumbido) refers to stm32f4xx_hal_tim.o(i.HAL_TIM_PWM_Stop) for HAL_TIM_PWM_Stop
    speaker.o(i.zumbido) refers to speaker.o(.bss) for htim1
    delay.o(i.Delay_ms) refers to delay.o(i.Delay_us) for Delay_us
    delay.o(i.Init_Delay) refers to rt_memclr_w.o(.text) for __aeabi_memclr4
    delay.o(i.Init_Delay) refers to stm32f4xx_hal_tim.o(i.HAL_TIM_Base_Init) for HAL_TIM_Base_Init
    delay.o(i.Init_Delay) refers to stm32f4xx_hal_tim.o(i.HAL_TIM_ConfigClockSource) for HAL_TIM_ConfigClockSource
    delay.o(i.Init_Delay) refers to stm32f4xx_hal_tim_ex.o(i.HAL_TIMEx_MasterConfigSynchronization) for HAL_TIMEx_MasterConfigSynchronization
    delay.o(i.Init_Delay) refers to stm32f4xx_hal_tim.o(i.HAL_TIM_Base_Start) for HAL_TIM_Base_Start
    delay.o(i.Init_Delay) refers to delay.o(.bss) for htim6
    stm32f4xx_hal.o(i.HAL_DeInit) refers to stm32f4xx_hal_msp.o(i.HAL_MspDeInit) for HAL_MspDeInit
    stm32f4xx_hal.o(i.HAL_Delay) refers to stm32f4xx_hal.o(i.HAL_GetTick) for HAL_GetTick
    stm32f4xx_hal.o(i.HAL_Delay) refers to stm32f4xx_hal.o(.data) for uwTickFreq
    stm32f4xx_hal.o(i.HAL_GetTick) refers to stm32f4xx_hal.o(.data) for uwTick
    stm32f4xx_hal.o(i.HAL_GetTickFreq) refers to stm32f4xx_hal.o(.data) for uwTickFreq
    stm32f4xx_hal.o(i.HAL_GetTickPrio) refers to stm32f4xx_hal.o(.data) for uwTickPrio
    stm32f4xx_hal.o(i.HAL_IncTick) refers to stm32f4xx_hal.o(.data) for uwTick
    stm32f4xx_hal.o(i.HAL_Init) refers to stm32f4xx_hal_cortex.o(i.HAL_NVIC_SetPriorityGrouping) for HAL_NVIC_SetPriorityGrouping
    stm32f4xx_hal.o(i.HAL_Init) refers to stm32f4xx_hal.o(i.HAL_InitTick) for HAL_InitTick
    stm32f4xx_hal.o(i.HAL_Init) refers to stm32f4xx_hal_msp.o(i.HAL_MspInit) for HAL_MspInit
    stm32f4xx_hal.o(i.HAL_InitTick) refers to stm32f4xx_hal_cortex.o(i.HAL_SYSTICK_Config) for HAL_SYSTICK_Config
    stm32f4xx_hal.o(i.HAL_InitTick) refers to stm32f4xx_hal_cortex.o(i.HAL_NVIC_SetPriority) for HAL_NVIC_SetPriority
    stm32f4xx_hal.o(i.HAL_InitTick) refers to stm32f4xx_hal.o(.data) for uwTickFreq
    stm32f4xx_hal.o(i.HAL_InitTick) refers to system_stm32f4xx.o(.data) for SystemCoreClock
[...]
    i.HAL_TIMEx_ConfigBreakDeadTime          0x080032e8   Section        0  stm32f4xx_hal_tim_ex.o(i.HAL_TIMEx_ConfigBreakDeadTime)
    i.HAL_TIMEx_MasterConfigSynchronization  0x0800335c   Section        0  stm32f4xx_hal_tim_ex.o(i.HAL_TIMEx_MasterConfigSynchronization)
    i.HAL_TIM_Base_Init                      0x08003410   Section        0  stm32f4xx_hal_tim.o(i.HAL_TIM_Base_Init)
    i.HAL_TIM_Base_MspInit                   0x08003444   Section        0  stm32f4xx_hal_msp.o(i.HAL_TIM_Base_MspInit)
    i.HAL_TIM_Base_Start                     0x080034a8   Section        0  stm32f4xx_hal_tim.o(i.HAL_TIM_Base_Start)
    i.HAL_TIM_ConfigClockSource              0x080034d2   Section        0  stm32f4xx_hal_tim.o(i.HAL_TIM_ConfigClockSource)
    i.HAL_TIM_MspPostInit                    0x080035dc   Section        0  stm32f4xx_hal_msp.o(i.HAL_TIM_MspPostInit)
    i.HAL_TIM_PWM_ConfigChannel              0x0800363c   Section        0  stm32f4xx_hal_tim.o(i.HAL_TIM_PWM_ConfigChannel)
    i.HAL_TIM_PWM_Init                       0x08003744   Section        0  stm32f4xx_hal_tim.o(i.HAL_TIM_PWM_Init)
    i.HAL_TIM_PWM_MspInit                    0x08003778   Section        0  stm32f4xx_hal_tim.o(i.HAL_TIM_PWM_MspInit)
    i.HAL_TIM_PWM_Start                      0x0800377c   Section        0  stm32f4xx_hal_tim.o(i.HAL_TIM_PWM_Start)
    i.HAL_TIM_PWM_Stop                       0x080037d4   Section        0  stm32f4xx_hal_tim.o(i.HAL_TIM_PWM_Stop)
    i.HardFault_Handler                      0x0800385c   Section        0  stm32f4xx_it.o(i.HardFault_Handler)
    i.Init_Delay                             0x08003860   Section        0  delay.o(i.Init_Delay)
    i.MemManage_Handler                      0x080038e0   Section        0  stm32f4xx_it.o(i.MemManage_Handler)
    i.NMI_Handler                            0x080038e4   Section        0  stm32f4xx_it.o(i.NMI_Handler)
    i.PendSV_Handler                         0x080038e6   Section        0  stm32f4xx_it.o(i.PendSV_Handler)
    i.SVC_Handler                            0x080038e8   Section        0  stm32f4xx_it.o(i.SVC_Handler)
    i.SysTick_Handler                        0x080038ea   Section        0  stm32f4xx_it.o(i.SysTick_Handler)
    i.SystemClock_Config                     0x080038f4   Section        0  main.o(i.SystemClock_Config)
    SystemClock_Config                       0x080038f5   Thumb Code   190  main.o(i.SystemClock_Config)
    i.SystemCoreClockUpdate                  0x080039bc   Section        0  system_stm32f4xx.o(i.SystemCoreClockUpdate)
    i.SystemInit                             0x08003a7c   Section        0  system_stm32f4xx.o(i.SystemInit)
    i.TIM_Base_SetConfig                     0x08003a98   Section        0  stm32f4xx_hal_tim.o(i.TIM_Base_SetConfig)
    i.TIM_CCxChannelCmd                      0x08003b70   Section        0  stm32f4xx_hal_tim.o(i.TIM_CCxChannelCmd)
    i.TIM_ETR_SetConfig                      0x08003b92   Section        0  stm32f4xx_hal_tim.o(i.TIM_ETR_SetConfig)
    i.TIM_ITRx_SetConfig                     0x08003ba8   Section        0  stm32f4xx_hal_tim.o(i.TIM_ITRx_SetConfig)
    TIM_ITRx_SetConfig                       0x08003ba9   Thumb Code    18  stm32f4xx_hal_tim.o(i.TIM_ITRx_SetConfig)
    i.TIM_OC1_SetConfig                      0x08003bbc   Section        0  stm32f4xx_hal_tim.o(i.TIM_OC1_SetConfig)
    TIM_OC1_SetConfig                        0x08003bbd   Thumb Code   104  stm32f4xx_hal_tim.o(i.TIM_OC1_SetConfig)
    i.TIM_OC2_SetConfig                      0x08003c2c   Section        0  stm32f4xx_hal_tim.o(i.TIM_OC2_SetConfig)
    i.TIM_OC3_SetConfig                      0x08003ca8   Section        0  stm32f4xx_hal_tim.o(i.TIM_OC3_SetConfig)
    TIM_OC3_SetConfig                        0x08003ca9   Thumb Code   112  stm32f4xx_hal_tim.o(i.TIM_OC3_SetConfig)
    i.TIM_OC4_SetConfig                      0x08003d20   Section        0  stm32f4xx_hal_tim.o(i.TIM_OC4_SetConfig)
    TIM_OC4_SetConfig                        0x08003d21   Thumb Code    74  stm32f4xx_hal_tim.o(i.TIM_OC4_SetConfig)
    i.TIM_TI1_ConfigInputStage               0x08003d74   Section        0  stm32f4xx_hal_tim.o(i.TIM_TI1_ConfigInputStage)
    TIM_TI1_ConfigInputStage                 0x08003d75   Thumb Code    38  stm32f4xx_hal_tim.o(i.TIM_TI1_ConfigInputStage)
    i.TIM_TI2_ConfigInputStage               0x08003d9a   Section        0  stm32f4xx_hal_tim.o(i.TIM_TI2_ConfigInputStage)
    TIM_TI2_ConfigInputStage                 0x08003d9b   Thumb Code    40  stm32f4xx_hal_tim.o(i.TIM_TI2_ConfigInputStage)
    i.UsageFault_Handler                     0x08003dc2   Section        0  stm32f4xx_it.o(i.UsageFault_Handler)
    i.__ARM_fpclassify                       0x08003dc6   Section        0  fpclassify.o(i.__ARM_fpclassify)
    i.__NVIC_GetPriorityGrouping             0x08003df8   Section        0  stm32f4xx_hal_cortex.o(i.__NVIC_GetPriorityGrouping)
    __NVIC_GetPriorityGrouping               0x08003df9   Thumb Code    10  stm32f4xx_hal_cortex.o(i.__NVIC_GetPriorityGrouping)
    i.__NVIC_SetPriority                     0x08003e08   Section        0  stm32f4xx_hal_cortex.o(i.__NVIC_SetPriority)
    __NVIC_SetPriority                       0x08003e09   Thumb Code    32  stm32f4xx_hal_cortex.o(i.__NVIC_SetPriority)
    i._is_digit                              0x08003e30   Section        0  __printf_wp.o(i._is_digit)
    i.fputc                                  0x08003e3e   Section        0  fputc.o(i.fputc)
    i.init_speaker                           0x08003e58   Section        0  speaker.o(i.init_speaker)
    i.main                                   0x08003f10   Section        0  main.o(i.main)
    i.zumbido                                0x08003f3c   Section        0  speaker.o(i.zumbido)
    locale$$code                             0x08003f5c   Section       44  lc_numeric_c.o(locale$$code)
    locale$$code                             0x08003f88   Section       44  lc_ctype_c.o(locale$$code)
    x$fpl$fpinit                             0x08003fb4   Section       10  fpinit.o(x$fpl$fpinit)
    $v0                                      0x08003fb4   Number         0  fpinit.o(x$fpl$fpinit)
    x$fpl$printf1                            0x08003fbe   Section        4  printf1.o(x$fpl$printf1)
    $v0                                      0x08003fbe   Number         0  printf1.o(x$fpl$printf1)
    x$fpl$printf2                            0x08003fc2   Section        4  printf2.o(x$fpl$printf2)
    $v0                                      0x08003fc2   Number         0  printf2.o(x$fpl$printf2)
    .constdata                               0x08003fc6   Section       24  system_stm32f4xx.o(.constdata)
    x$fpl$usenofp                            0x08003fc6   Section        0  usenofp.o(x$fpl$usenofp)
    .constdata                               0x08003fe0   Section        8  _printf_wctomb.o(.constdata)
    initial_mbstate                          0x08003fe0   Data           8  _printf_wctomb.o(.constdata)
    .constdata                               0x08003fe8   Section       40  _printf_hex_int_ll_ptr.o(.constdata)
    uc_hextab                                0x08003fe8   Data          20  _printf_hex_int_ll_ptr.o(.constdata)
    lc_hextab                                0x08003ffc   Data          20  _printf_hex_int_ll_ptr.o(.constdata)
    .constdata                               0x08004010   Section       17  __printf_flags_ss_wp.o(.constdata)
    maptable                                 0x08004010   Data          17  __printf_flags_ss_wp.o(.constdata)
    .constdata                               0x08004021   Section       38  _printf_fp_hex.o(.constdata)
    lc_hextab                                0x08004021   Data          19  _printf_fp_hex.o(.constdata)
    uc_hextab                                0x08004034   Data          19  _printf_fp_hex.o(.constdata)
    .constdata                               0x08004047   Section        4  sys_io.o(.constdata)
    .constdata                               0x0800404b   Section        4  sys_io.o(.constdata)
    .constdata                               0x0800404f   Section        4  sys_io.o(.constdata)
    .constdata                               0x08004054   Section      148  bigflt0.o(.constdata)
    tenpwrs_x                                0x08004054   Data          60  bigflt0.o(.constdata)
    tenpwrs_i                                0x08004090   Data          64  bigflt0.o(.constdata)
    locale$$data                             0x08004108   Section       28  lc_numeric_c.o(locale$$data)
    __lcnum_c_name                           0x0800410c   Data           2  lc_numeric_c.o(locale$$data)
    __lcnum_c_start                          0x08004114   Data           0  lc_numeric_c.o(locale$$data)
    __lcnum_c_point                          0x08004120   Data           0  lc_numeric_c.o(locale$$data)
    __lcnum_c_thousands                      0x08004122   Data           0  lc_numeric_c.o(locale$$data)
    __lcnum_c_grouping                       0x08004123   Data           0  lc_numeric_c.o(locale$$data)
    locale$$data                             0x08004124   Section      272  lc_ctype_c.o(locale$$data)
    __lcnum_c_end                            0x08004124   Data           0  lc_numeric_c.o(locale$$data)
    __lcctype_c_name                         0x08004128   Data           2  lc_ctype_c.o(locale$$data)
    __lcctype_c_start                        0x08004130   Data           0  lc_ctype_c.o(locale$$data)
    __lcctype_c_end                          0x08004234   Data           0  lc_ctype_c.o(locale$$data)
    .data                                    0x20000000   Section        9  stm32f4xx_hal.o(.data)
    .data                                    0x2000000c   Section        4  system_stm32f4xx.o(.data)
    .data                                    0x20000010   Section        4  stdio_streams.o(.data)
    .data                                    0x20000014   Section        4  stdio_streams.o(.data)
    .data                                    0x20000018   Section        4  stdio_streams.o(.data)
    .bss                                     0x2000001c   Section       64  speaker.o(.bss)
    .bss                                     0x2000005c   Section       64  delay.o(.bss)
    .bss                                     0x2000009c   Section       84  stdio_streams.o(.bss)
    .bss                                     0x200000f0   Section       84  stdio_streams.o(.bss)
    .bss                                     0x20000144   Section       84  stdio_streams.o(.bss)
    .bss                                     0x20000198   Section       96  libspace.o(.bss)
    HEAP                                     0x200001f8   Section      512  startup_stm32f429xx.o(HEAP)
    Heap_Mem                                 0x200001f8   Data         512  startup_stm32f429xx.o(HEAP)
    STACK                                    0x200003f8   Section     1024  startup_stm32f429xx.o(STACK)
    Stack_Mem                                0x200003f8   Data        1024  startup_stm32f429xx.o(STACK)
    __initial_sp                             0x200007f8   Data           0  startup_stm32f429xx.o(STACK)

    Global Symbols

    Symbol Name                              Value     Ov Type        Size  Object(Section)

    BuildAttributes$$THM_ISAv4$E$P$D$K$B$S$7EM$VFPi3$EXTD16$VFPS$VFMA$PE$A:L22UL41UL21$X:L11$S22US41US21$IEEE1$IW$USESV6$~STKCKD$USESV7$~SHL$OTIME$ROPI$IEEEJ$EBA8$UX$STANDARDLIB$REQ8$PRES8$EABIv2 0x00000000   Number         0  anon$$obj.o ABSOLUTE
    __ARM_use_no_argv                        0x00000000   Number         0  main.o ABSOLUTE
    _printf_flags                            0x00000000   Number         0  printf_stubs.o ABSOLUTE
    _printf_return_value                     0x00000000   Number         0  printf_stubs.o ABSOLUTE
    _printf_sizespec                         0x00000000   Number         0  printf_stubs.o ABSOLUTE
    _printf_widthprec                        0x00000000   Number         0  printf_stubs.o ABSOLUTE
    __ARM_exceptions_init                     - Undefined Weak Reference
    __alloca_initialize                       - Undefined Weak Reference
    __arm_preinit_                            - Undefined Weak Reference
    __cpp_initialize__aeabi_                  - Undefined Weak Reference
    __cxa_finalize                            - Undefined Weak Reference
    __sigvec_lookup                           - Undefined Weak Reference
    __user_heap_extent                        - Undefined Weak Reference
    _atexit_init                              - Undefined Weak Reference
    _call_atexit_fns                          - Undefined Weak Reference
    _clock_init                               - Undefined Weak Reference
    _fp_trap_init                             - Undefined Weak Reference
    _fp_trap_shutdown                         - Undefined Weak Reference
    _get_lc_collate                           - Undefined Weak Reference
    _get_lc_monetary                          - Undefined Weak Reference
    _get_lc_time                              - Undefined Weak Reference
    _getenv_init                              - Undefined Weak Reference
    _handle_redirection                       - Undefined Weak Reference
    _mutex_acquire                            - Undefined Weak Reference
    _mutex_free                               - Undefined Weak Reference
    _mutex_release                            - Undefined Weak Reference
    _printf_mbtowc                            - Undefined Weak Reference
    _printf_wc                                - Undefined Weak Reference
    _rand_init                                - Undefined Weak Reference
    _signal_finish                            - Undefined Weak Reference
    _signal_init                              - Undefined Weak Reference
    __Vectors_Size                           0x000001ac   Number         0  startup_stm32f429xx.o ABSOLUTE
    __Vectors                                0x08000000   Data           4  startup_stm32f429xx.o(RESET)
    __Vectors_End                            0x080001ac   Data           0  startup_stm32f429xx.o(RESET)
    __main                                   0x080001ad   Thumb Code     8  __main.o(!!!main)
    __scatterload                            0x080001b5   Thumb Code     0  __scatter.o(!!!scatter)
    __scatterload_rt2                        0x080001b5   Thumb Code    44  __scatter.o(!!!scatter)
    __scatterload_rt2_thumb_only             0x080001b5   Thumb Code     0  __scatter.o(!!!scatter)
    __scatterload_null                       0x080001c3   Thumb Code     0  __scatter.o(!!!scatter)
    __scatterload_copy                       0x080001e9   Thumb Code    26  __scatter_copy.o(!!handler_copy)
    __scatterload_zeroinit                   0x08000205   Thumb Code    28  __scatter_zi.o(!!handler_zi)
    _printf_n                                0x08000221   Thumb Code     0  _printf_n.o(.ARM.Collect$$_printf_percent$$00000001)
    _printf_percent                          0x08000221   Thumb Code     0  _printf_percent.o(.ARM.Collect$$_printf_percent$$00000000)
    _printf_p                                0x08000227   Thumb Code     0  _printf_p.o(.ARM.Collect$$_printf_percent$$00000002)
    _printf_f                                0x0800022d   Thumb Code     0  _printf_f.o(.ARM.Collect$$_printf_percent$$00000003)
    _printf_e                                0x08000233   Thumb Code     0  _printf_e.o(.ARM.Collect$$_printf_percent$$00000004)
    _printf_g                                0x08000239   Thumb Code     0  _printf_g.o(.ARM.Collect$$_printf_percent$$00000005)
    _printf_a                                0x0800023f   Thumb Code     0  _printf_a.o(.ARM.Collect$$_printf_percent$$00000006)
    _printf_ll                               0x08000245   Thumb Code     0  _printf_ll.o(.ARM.Collect$$_printf_percent$$00000007)
    _printf_i                                0x0800024f   Thumb Code     0  _printf_i.o(.ARM.Collect$$_printf_percent$$00000008)
    _printf_d                                0x08000255   Thumb Code     0  _printf_d.o(.ARM.Collect$$_printf_percent$$00000009)
    _printf_u                                0x0800025b   Thumb Code     0  _printf_u.o(.ARM.Collect$$_printf_percent$$0000000A)
    _printf_o                                0x08000261   Thumb Code     0  _printf_o.o(.ARM.Collect$$_printf_percent$$0000000B)
    _printf_x                                0x08000267   Thumb Code     0  _printf_x.o(.ARM.Collect$$_printf_percent$$0000000C)
    _printf_lli                              0x0800026d   Thumb Code     0  _printf_lli.o(.ARM.Collect$$_printf_percent$$0000000D)
    _printf_lld                              0x08000273   Thumb Code     0  _printf_lld.o(.ARM.Collect$$_printf_percent$$0000000E)
    _printf_llu                              0x08000279   Thumb Code     0  _printf_llu.o(.ARM.Collect$$_printf_percent$$0000000F)
    _printf_llo                              0x0800027f   Thumb Code     0  _printf_llo.o(.ARM.Collect$$_printf_percent$$00000010)
    _printf_llx                              0x08000285   Thumb Code     0  _printf_llx.o(.ARM.Collect$$_printf_percent$$00000011)
    _printf_l                                0x0800028b   Thumb Code     0  _printf_l.o(.ARM.Collect$$_printf_percent$$00000012)
    _printf_c                                0x08000295   Thumb Code     0  _printf_c.o(.ARM.Collect$$_printf_percent$$00000013)
    _printf_s                                0x0800029b   Thumb Code     0  _printf_s.o(.ARM.Collect$$_printf_percent$$00000014)
    _printf_lc                               0x080002a1   Thumb Code     0  _printf_lc.o(.ARM.Collect$$_printf_percent$$00000015)
    _printf_ls                               0x080002a7   Thumb Code     0  _printf_ls.o(.ARM.Collect$$_printf_percent$$00000016)
    _printf_percent_end                      0x080002ad   Thumb Code     0  _printf_percent_end.o(.ARM.Collect$$_printf_percent$$00000017)
    __rt_lib_init                            0x080002b1   Thumb Code     0  libinit.o(.ARM.Collect$$libinit$$00000000)
    __rt_lib_init_fp_1                       0x080002b3   Thumb Code     0  libinit2.o(.ARM.Collect$$libinit$$00000001)
    __rt_lib_init_heap_2                     0x080002b7   Thumb Code     0  libinit2.o(.ARM.Collect$$libinit$$00000005)
    __rt_lib_init_preinit_1                  0x080002b7   Thumb Code     0  libinit2.o(.ARM.Collect$$libinit$$00000004)
    __rt_lib_init_heap_1                     0x080002bf   Thumb Code     0  libinit2.o(.ARM.Collect$$libinit$$0000000A)
    __rt_lib_init_lc_common                  0x080002bf   Thumb Code     0  libinit2.o(.ARM.Collect$$libinit$$0000000F)
    __rt_lib_init_rand_1                     0x080002bf   Thumb Code     0  libinit2.o(.ARM.Collect$$libinit$$0000000E)
    __rt_lib_init_user_alloc_1               0x080002bf   Thumb Code     0  libinit2.o(.ARM.Collect$$libinit$$0000000C)
    __rt_lib_init_lc_collate_1               0x080002c5   Thumb Code     0  libinit2.o(.ARM.Collect$$libinit$$00000011)
    __rt_lib_init_lc_ctype_2                 0x080002c5   Thumb Code     0  libinit2.o(.ARM.Collect$$libinit$$00000012)
    __rt_lib_init_lc_ctype_1                 0x080002d1   Thumb Code     0  libinit2.o(.ARM.Collect$$libinit$$00000013)
    __rt_lib_init_lc_monetary_1              0x080002d1   Thumb Code     0  libinit2.o(.ARM.Collect$$libinit$$00000015)
    __rt_lib_init_lc_numeric_2               0x080002d1   Thumb Code     0  libinit2.o(.ARM.Collect$$libinit$$00000016)
    __rt_lib_init_atexit_1                   0x080002db   Thumb Code     0  libinit2.o(.ARM.Collect$$libinit$$0000001B)
    __rt_lib_init_clock_1                    0x080002db   Thumb Code     0  libinit2.o(.ARM.Collect$$libinit$$00000021)
    __rt_lib_init_fp_trap_1                  0x080002db   Thumb Code     0  libinit2.o(.ARM.Collect$$libinit$$0000001F)
    __rt_lib_init_getenv_1                   0x080002db   Thumb Code     0  libinit2.o(.ARM.Collect$$libinit$$00000023)
    __rt_lib_init_lc_numeric_1               0x080002db   Thumb Code     0  libinit2.o(.ARM.Collect$$libinit$$00000017)
    __rt_lib_init_lc_time_1                  0x080002db   Thumb Code     0  libinit2.o(.ARM.Collect$$libinit$$00000019)
    __rt_lib_init_signal_1                   0x080002db   Thumb Code     0  libinit2.o(.ARM.Collect$$libinit$$0000001D)
    __rt_lib_init_stdio_2                    0x080002db   Thumb Code     0  libinit2.o(.ARM.Collect$$libinit$$00000024)
    __rt_lib_init_alloca_1                   0x080002df   Thumb Code     0  libinit2.o(.ARM.Collect$$libinit$$0000002E)
    __rt_lib_init_argv_1                     0x080002df   Thumb Code     0  libinit2.o(.ARM.Collect$$libinit$$0000002C)
    __rt_lib_init_cpp_1                      0x080002df   Thumb Code     0  libinit2.o(.ARM.Collect$$libinit$$00000032)
    __rt_lib_init_exceptions_1               0x080002df   Thumb Code     0  libinit2.o(.ARM.Collect$$libinit$$00000030)
    __rt_lib_init_return                     0x080002df   Thumb Code     0  libinit2.o(.ARM.Collect$$libinit$$00000033)
    __rt_lib_init_stdio_1                    0x080002df   Thumb Code     0  libinit2.o(.ARM.Collect$$libinit$$00000025)
    __rt_lib_shutdown                        0x080002e1   Thumb Code     0  libshutdown.o(.ARM.Collect$$libshutdown$$00000000)
    __rt_lib_shutdown_cpp_1                  0x080002e3   Thumb Code     0  libshutdown2.o(.ARM.Collect$$libshutdown$$00000002)
    __rt_lib_shutdown_stdio_2                0x080002e3   Thumb Code     0  libshutdown2.o(.ARM.Collect$$libshutdown$$00000003)
    __rt_lib_shutdown_fp_trap_1              0x080002e7   Thumb Code     0  libshutdown2.o(.ARM.Collect$$libshutdown$$00000007)
    __rt_lib_shutdown_heap_1                 0x080002e7   Thumb Code     0  libshutdown2.o(.ARM.Collect$$libshutdown$$0000000F)
    __rt_lib_shutdown_return                 0x080002e7   Thumb Code     0  libshutdown2.o(.ARM.Collect$$libshutdown$$00000010)
    __rt_lib_shutdown_signal_1               0x080002e7   Thumb Code     0  libshutdown2.o(.ARM.Collect$$libshutdown$$0000000A)
    __rt_lib_shutdown_stdio_1                0x080002e7   Thumb Code     0  libshutdown2.o(.ARM.Collect$$libshutdown$$00000004)
    __rt_lib_shutdown_user_alloc_1           0x080002e7   Thumb Code     0  libshutdown2.o(.ARM.Collect$$libshutdown$$0000000C)
    __rt_entry                               0x080002e9   Thumb Code     0  __rtentry.o(.ARM.Collect$$rtentry$$00000000)
    __rt_entry_presh_1                       0x080002e9   Thumb Code     0  __rtentry2.o(.ARM.Collect$$rtentry$$00000002)
    __rt_entry_sh                            0x080002e9   Thumb Code     0  __rtentry4.o(.ARM.Collect$$rtentry$$00000004)
    __rt_entry_li                            0x080002ef   Thumb Code     0  __rtentry2.o(.ARM.Collect$$rtentry$$0000000A)
    __rt_entry_postsh_1                      0x080002ef   Thumb Code     0  __rtentry2.o(.ARM.Collect$$rtentry$$00000009)
    __rt_entry_main                          0x080002f3   Thumb Code     0  __rtentry2.o(.ARM.Collect$$rtentry$$0000000D)
    __rt_entry_postli_1                      0x080002f3   Thumb Code     0  __rtentry2.o(.ARM.Collect$$rtentry$$0000000C)
    __rt_exit                                0x080002fb   Thumb Code     0  rtexit.o(.ARM.Collect$$rtexit$$00000000)
    __rt_exit_ls                             0x080002fd   Thumb Code     0  rtexit2.o(.ARM.Collect$$rtexit$$00000003)
    __rt_exit_prels_1                        0x080002fd   Thumb Code     0  rtexit2.o(.ARM.Collect$$rtexit$$00000002)
    __rt_exit_exit                           0x08000301   Thumb Code     0  rtexit2.o(.ARM.Collect$$rtexit$$00000004)
    Reset_Handler                            0x08000309   Thumb Code     8  startup_stm32f429xx.o(.text)
    _maybe_terminate_alloc                   0x08000309   Thumb Code     0  maybetermalloc1.o(.emb_text)
    ADC_IRQHandler                           0x08000323   Thumb Code     0  startup_stm32f429xx.o(.text)
    CAN1_RX0_IRQHandler                      0x08000323   Thumb Code     0  startup_stm32f429xx.o(.text)
    CAN1_RX1_IRQHandler                      0x08000323   Thumb Code     0  startup_stm32f429xx.o(.text)
    CAN1_SCE_IRQHandler                      0x08000323   Thumb Code     0  startup_stm32f429xx.o(.text)
    CAN1_TX_IRQHandler                       0x08000323   Thumb Code     0  startup_stm32f429xx.o(.text)
    CAN2_RX0_IRQHandler                      0x08000323   Thumb Code     0  startup_stm32f429xx.o(.text)
    CAN2_RX1_IRQHandler                      0x08000323   Thumb Code     0  startup_stm32f429xx.o(.text)
    CAN2_SCE_IRQHandler                      0x08000323   Thumb Code     0  startup_stm32f429xx.o(.text)
    CAN2_TX_IRQHandler                       0x08000323   Thumb Code     0  startup_stm32f429xx.o(.text)
    DCMI_IRQHandler                          0x08000323   Thumb Code     0  startup_stm32f429xx.o(.text)
    DMA1_Stream0_IRQHandler                  0x08000323   Thumb Code     0  startup_stm32f429xx.o(.text)
    DMA1_Stream1_IRQHandler                  0x08000323   Thumb Code     0  startup_stm32f429xx.o(.text)
    DMA1_Stream2_IRQHandler                  0x08000323   Thumb Code     0  startup_stm32f429xx.o(.text)
    DMA1_Stream3_IRQHandler                  0x08000323   Thumb Code     0  startup_stm32f429xx.o(.text)
    DMA1_Stream4_IRQHandler                  0x08000323   Thumb Code     0  startup_stm32f429xx.o(.text)
    DMA1_Stream5_IRQHandler                  0x08000323   Thumb Code     0  startup_stm32f429xx.o(.text)
    DMA1_Stream6_IRQHandler                  0x08000323   Thumb Code     0  startup_stm32f429xx.o(.text)
    DMA1_Stream7_IRQHandler                  0x08000323   Thumb Code     0  startup_stm32f429xx.o(.text)
    DMA2D_IRQHandler                         0x08000323   Thumb Code     0  startup_stm32f429xx.o(.text)
    DMA2_Stream0_IRQHandler                  0x08000323   Thumb Code     0  startup_stm32f429xx.o(.text)
    DMA2_Stream1_IRQHandler                  0x08000323   Thumb Code     0  startup_stm32f429xx.o(.text)
    DMA2_Stream2_IRQHandler                  0x08000323   Thumb Code     0  startup_stm32f429xx.o(.text)
    DMA2_Stream3_IRQHandler                  0x08000323   Thumb Code     0  startup_stm32f429xx.o(.text)
    DMA2_Stream4_IRQHandler                  0x08000323   Thumb Code     0  startup_stm32f429xx.o(.text)
    DMA2_Stream5_IRQHandler                  0x08000323   Thumb Code     0  startup_stm32f429xx.o(.text)
    DMA2_Stream6_IRQHandler                  0x08000323   Thumb Code     0  startup_stm32f429xx.o(.text)
    DMA2_Stream7_IRQHandler                  0x08000323   Thumb Code     0  startup_stm32f429xx.o(.text)
    ETH_IRQHandler                           0x08000323   Thumb Code     0  startup_stm32f429xx.o(.text)
    ETH_WKUP_IRQHandler                      0x08000323   Thumb Code     0  startup_stm32f429xx.o(.text)
    EXTI0_IRQHandler                         0x08000323   Thumb Code     0  startup_stm32f429xx.o(.text)
    EXTI15_10_IRQHandler                     0x08000323   Thumb Code     0  startup_stm32f429xx.o(.text)
    EXTI1_IRQHandler                         0x08000323   Thumb Code     0  startup_stm32f429xx.o(.text)
    EXTI2_IRQHandler                         0x08000323   Thumb Code     0  startup_stm32f429xx.o(.text)
    EXTI3_IRQHandler                         0x08000323   Thumb Code     0  startup_stm32f429xx.o(.text)
    EXTI4_IRQHandler                         0x08000323   Thumb Code     0  startup_stm32f429xx.o(.text)
    EXTI9_5_IRQHandler                       0x08000323   Thumb Code     0  startup_stm32f429xx.o(.text)
    FLASH_IRQHandler                         0x08000323   Thumb Code     0  startup_stm32f429xx.o(.text)
    FMC_IRQHandler                           0x08000323   Thumb Code     0  startup_stm32f429xx.o(.text)
    FPU_IRQHandler                           0x08000323   Thumb Code     0  startup_stm32f429xx.o(.text)
    HASH_RNG_IRQHandler                      0x08000323   Thumb Code     0  startup_stm32f429xx.o(.text)
    I2C1_ER_IRQHandler                       0x08000323   Thumb Code     0  startup_stm32f429xx.o(.text)
    I2C1_EV_IRQHandler                       0x08000323   Thumb Code     0  startup_stm32f429xx.o(.text)
    I2C2_ER_IRQHandler                       0x08000323   Thumb Code     0  startup_stm32f429xx.o(.text)
    I2C2_EV_IRQHandler                       0x08000323   Thumb Code     0  startup_stm32f429xx.o(.text)
    I2C3_ER_IRQHandler                       0x08000323   Thumb Code     0  startup_stm32f429xx.o(.text)
    I2C3_EV_IRQHandler                       0x08000323   Thumb Code     0  startup_stm32f429xx.o(.text)
    LTDC_ER_IRQHandler                       0x08000323   Thumb Code     0  startup_stm32f429xx.o(.text)
    LTDC_IRQHandler                          0x08000323   Thumb Code     0  startup_stm32f429xx.o(.text)
    OTG_FS_IRQHandler                        0x08000323   Thumb Code     0  startup_stm32f429xx.o(.text)
    OTG_FS_WKUP_IRQHandler                   0x08000323   Thumb Code     0  startup_stm32f429xx.o(.text)
    OTG_HS_EP1_IN_IRQHandler                 0x08000323   Thumb Code     0  startup_stm32f429xx.o(.text)
    OTG_HS_EP1_OUT_IRQHandler                0x08000323   Thumb Code     0  startup_stm32f429xx.o(.text)
    OTG_HS_IRQHandler                        0x08000323   Thumb Code     0  startup_stm32f429xx.o(.text)
    OTG_HS_WKUP_IRQHandler                   0x08000323   Thumb Code     0  startup_stm32f429xx.o(.text)
    PVD_IRQHandler                           0x08000323   Thumb Code     0  startup_stm32f429xx.o(.text)
    RCC_IRQHandler                           0x08000323   Thumb Code     0  startup_stm32f429xx.o(.text)
    RTC_Alarm_IRQHandler                     0x08000323   Thumb Code     0  startup_stm32f429xx.o(.text)
    RTC_WKUP_IRQHandler                      0x08000323   Thumb Code     0  startup_stm32f429xx.o(.text)
    SAI1_IRQHandler                          0x08000323   Thumb Code     0  startup_stm32f429xx.o(.text)
    SDIO_IRQHandler                          0x08000323   Thumb Code     0  startup_stm32f429xx.o(.text)
    SPI1_IRQHandler                          0x08000323   Thumb Code     0  startup_stm32f429xx.o(.text)
    SPI2_IRQHandler                          0x08000323   Thumb Code     0  startup_stm32f429xx.o(.text)
    SPI3_IRQHandler                          0x08000323   Thumb Code     0  startup_stm32f429xx.o(.text)
    SPI4_IRQHandler                          0x08000323   Thumb Code     0  startup_stm32f429xx.o(.text)
    SPI5_IRQHandler                          0x08000323   Thumb Code     0  startup_stm32f429xx.o(.text)
    SPI6_IRQHandler                          0x08000323   Thumb Code     0  startup_stm32f429xx.o(.text)
    TAMP_STAMP_IRQHandler                    0x08000323   Thumb Code     0  startup_stm32f429xx.o(.text)
    TIM1_BRK_TIM9_IRQHandler                 0x08000323   Thumb Code     0  startup_stm32f429xx.o(.text)
    TIM1_CC_IRQHandler                       0x08000323   Thumb Code     0  startup_stm32f429xx.o(.text)
    TIM1_TRG_COM_TIM11_IRQHandler            0x08000323   Thumb Code     0  startup_stm32f429xx.o(.text)
    TIM1_UP_TIM10_IRQHandler                 0x08000323   Thumb Code     0  startup_stm32f429xx.o(.text)
    TIM2_IRQHandler                          0x08000323   Thumb Code     0  startup_stm32f429xx.o(.text)
    TIM3_IRQHandler                          0x08000323   Thumb Code     0  startup_stm32f429xx.o(.text)
    TIM4_IRQHandler                          0x08000323   Thumb Code     0  startup_stm32f429xx.o(.text)
    TIM5_IRQHandler                          0x08000323   Thumb Code     0  startup_stm32f429xx.o(.text)
    TIM6_DAC_IRQHandler                      0x08000323   Thumb Code     0  startup_stm32f429xx.o(.text)
    TIM7_IRQHandler                          0x08000323   Thumb Code     0  startup_stm32f429xx.o(.text)
    TIM8_BRK_TIM12_IRQHandler                0x08000323   Thumb Code     0  startup_stm32f429xx.o(.text)
    TIM8_CC_IRQHandler                       0x08000323   Thumb Code     0  startup_stm32f429xx.o(.text)
    TIM8_TRG_COM_TIM14_IRQHandler            0x08000323   Thumb Code     0  startup_stm32f429xx.o(.text)
    TIM8_UP_TIM13_IRQHandler                 0x08000323   Thumb Code     0  startup_stm32f429xx.o(.text)
    UART4_IRQHandler                         0x08000323   Thumb Code     0  startup_stm32f429xx.o(.text)
    UART5_IRQHandler                         0x08000323   Thumb Code     0  startup_stm32f429xx.o(.text)
    UART7_IRQHandler                         0x08000323   Thumb Code     0  startup_stm32f429xx.o(.text)
    UART8_IRQHandler                         0x08000323   Thumb Code     0  startup_stm32f429xx.o(.text)
    USART1_IRQHandler                        0x08000323   Thumb Code     0  startup_stm32f429xx.o(.text)
    USART2_IRQHandler                        0x08000323   Thumb Code     0  startup_stm32f429xx.o(.text)
    USART3_IRQHandler                        0x08000323   Thumb Code     0  startup_stm32f429xx.o(.text)
    USART6_IRQHandler                        0x08000323   Thumb Code     0  startup_stm32f429xx.o(.text)
    WWDG_IRQHandler                          0x08000323   Thumb Code     0  startup_stm32f429xx.o(.text)
    __user_initial_stackheap                 0x08000325   Thumb Code     0  startup_stm32f429xx.o(.text)
    __aeabi_uldivmod                         0x08000349   Thumb Code     0  lludivv7m.o(.text)
    _ll_udiv                                 0x08000349   Thumb Code   238  lludivv7m.o(.text)
    printf                                   0x08000439   Thumb Code    20  printf.o(.text)
    __aeabi_memclr4                          0x08000451   Thumb Code     0  rt_memclr_w.o(.text)
    __aeabi_memclr8                          0x08000451   Thumb Code     0  rt_memclr_w.o(.text)
    __rt_memclr_w                            0x08000451   Thumb Code    78  rt_memclr_w.o(.text)
    _memset_w                                0x08000455   Thumb Code     0  rt_memclr_w.o(.text)
    __use_two_region_memory                  0x0800049f   Thumb Code     2  heapauxi.o(.text)
    __rt_heap_escrow                         0x080004a1   Thumb Code     2  heapauxi.o(.text)
    __rt_heap_expand                         0x080004a3   Thumb Code     2  heapauxi.o(.text)
    _printf_pre_padding                      0x080004a5   Thumb Code    44  _printf_pad.o(.text)
    _printf_post_padding                     0x080004d1   Thumb Code    34  _printf_pad.o(.text)
    _printf_truncate_signed                  0x080004f3   Thumb Code    18  _printf_truncate.o(.text)
    _printf_truncate_unsigned                0x08000505   Thumb Code    18  _printf_truncate.o(.text)
    _printf_str                              0x08000517   Thumb Code    82  _printf_str.o(.text)
    _printf_int_dec                          0x08000569   Thumb Code   104  _printf_dec.o(.text)
    _printf_charcount                        0x080005e1   Thumb Code    40  _printf_charcount.o(.text)
    _printf_char_file                        0x08000609   Thumb Code    32  _printf_char_file.o(.text)
    _printf_wctomb                           0x0800062d   Thumb Code   182  _printf_wctomb.o(.text)
    _printf_longlong_dec                     0x080006e9   Thumb Code   108  _printf_longlong_dec.o(.text)
    _printf_longlong_oct                     0x08000765   Thumb Code    66  _printf_oct_int_ll.o(.text)
    _printf_int_oct                          0x080007a7   Thumb Code    24  _printf_oct_int_ll.o(.text)
    _printf_ll_oct                           0x080007bf   Thumb Code    12  _printf_oct_int_ll.o(.text)
    _printf_longlong_hex                     0x080007d5   Thumb Code    86  _printf_hex_int_ll_ptr.o(.text)
    _printf_int_hex                          0x0800082b   Thumb Code    28  _printf_hex_int_ll_ptr.o(.text)
    _printf_ll_hex                           0x08000847   Thumb Code    12  _printf_hex_int_ll_ptr.o(.text)
    _printf_hex_ptr                          0x08000853   Thumb Code    18  _printf_hex_int_ll_ptr.o(.text)
    __printf                                 0x08000869   Thumb Code   388  __printf_flags_ss_wp.o(.text)
    _ll_udiv10                               0x080009f1   Thumb Code   138  lludiv10.o(.text)
    _printf_int_common                       0x08000a7b   Thumb Code   178  _printf_intcommon.o(.text)
    __lib_sel_fp_printf                      0x08000b2d   Thumb Code     2  _printf_fp_dec.o(.text)
    _printf_fp_dec_real                      0x08000cdf   Thumb Code   620  _printf_fp_dec.o(.text)
    _printf_fp_hex_real                      0x08000f4d   Thumb Code   756  _printf_fp_hex.o(.text)
    _printf_char_common                      0x08001253   Thumb Code    32  _printf_char_common.o(.text)
    _printf_cs_common                        0x08001279   Thumb Code    20  _printf_char.o(.text)
    _printf_char                             0x0800128d   Thumb Code    16  _printf_char.o(.text)
    _printf_string                           0x0800129d   Thumb Code     8  _printf_char.o(.text)
    _printf_lcs_common                       0x080012a5   Thumb Code    20  _printf_wchar.o(.text)
    _printf_wchar                            0x080012b9   Thumb Code    16  _printf_wchar.o(.text)
    _printf_wstring                          0x080012c9   Thumb Code     8  _printf_wchar.o(.text)
    ferror                                   0x080012d1   Thumb Code     8  ferror.o(.text)
    _initio                                  0x080012d9   Thumb Code   210  initio.o(.text)
    _terminateio                             0x080013ab   Thumb Code    56  initio.o(.text)
    _wcrtomb                                 0x08001411   Thumb Code    64  _wcrtomb.o(.text)
    _sys_open                                0x08001451   Thumb Code    20  sys_io.o(.text)
    _sys_close                               0x08001465   Thumb Code    12  sys_io.o(.text)
    _sys_write                               0x08001471   Thumb Code    16  sys_io.o(.text)
    _sys_read                                0x08001481   Thumb Code    14  sys_io.o(.text)
    _sys_istty                               0x0800148f   Thumb Code    12  sys_io.o(.text)
    _sys_seek                                0x0800149b   Thumb Code    14  sys_io.o(.text)
    _sys_ensure                              0x080014a9   Thumb Code     2  sys_io.o(.text)
    _sys_flen                                0x080014ab   Thumb Code    12  sys_io.o(.text)
    __user_setup_stackheap                   0x080014b7   Thumb Code    74  sys_stackheap_outer.o(.text)
    __rt_ctype_table                         0x08001501   Thumb Code    16  rt_ctype_table.o(.text)
    __rt_locale                              0x08001511   Thumb Code     8  rt_locale_intlibspace.o(.text)
    free                                     0x08001519   Thumb Code    78  h1_free.o(.text)
    _printf_fp_infnan                        0x08001569   Thumb Code   112  _printf_fp_infnan.o(.text)
    _btod_etento                             0x080015e9   Thumb Code   224  bigflt0.o(.text)
    __flsbuf                                 0x080016cd   Thumb Code   470  flsbuf.o(.text)
    __flsbuf_byte                            0x080016cd   Thumb Code     0  flsbuf.o(.text)
    __flsbuf_wide                            0x080016cd   Thumb Code     0  flsbuf.o(.text)
    setvbuf                                  0x080018a3   Thumb Code    70  setvbuf.o(.text)
    freopen                                  0x080018e9   Thumb Code   158  fopen.o(.text)
    fopen                                    0x08001987   Thumb Code    74  fopen.o(.text)
    _fclose_internal                         0x080019d5   Thumb Code    76  fclose.o(.text)
    fclose                                   0x080019d5   Thumb Code     0  fclose.o(.text)
    exit                                     0x08001a21   Thumb Code    18  exit.o(.text)
    __rt_SIGRTRED                            0x08001a33   Thumb Code    14  defsig_rtred_outer.o(.text)
    __user_libspace                          0x08001a41   Thumb Code     8  libspace.o(.text)
    __user_perproc_libspace                  0x08001a41   Thumb Code     0  libspace.o(.text)
    __user_perthread_libspace                0x08001a41   Thumb Code     0  libspace.o(.text)
    __I$use$semihosting                      0x08001a49   Thumb Code     0  use_no_semi.o(.text)
    __use_no_semihosting_swi                 0x08001a49   Thumb Code     2  use_no_semi.o(.text)
    __semihosting_library_function           0x08001a4b   Thumb Code     0  indicate_semi.o(.text)
    __rt_heap_descriptor                     0x08001a4d   Thumb Code     8  rt_heap_descriptor_intlibspace.o(.text)
    __use_no_heap                            0x08001a55   Thumb Code     2  hguard.o(.text)
    __heap$guard                             0x08001a57   Thumb Code     2  hguard.o(.text)
    _terminate_user_alloc                    0x08001a59   Thumb Code     2  init_alloc.o(.text)
    _init_user_alloc                         0x08001a5b   Thumb Code     2  init_alloc.o(.text)
    __Heap_Full                              0x08001a5d   Thumb Code    34  init_alloc.o(.text)
    __Heap_Broken                            0x08001a7f   Thumb Code     6  init_alloc.o(.text)
    _init_alloc                              0x08001a85   Thumb Code    94  init_alloc.o(.text)
    malloc                                   0x08001ae3   Thumb Code    94  h1_alloc.o(.text)
    _fseek                                   0x08001b41   Thumb Code   242  fseek.o(.text)
    fseek                                    0x08001b41   Thumb Code     0  fseek.o(.text)
    _seterr                                  0x08001c39   Thumb Code    20  stdio.o(.text)
    _writebuf                                0x08001c4d   Thumb Code    84  stdio.o(.text)
    _fflush                                  0x08001ca1   Thumb Code    70  stdio.o(.text)
    _deferredlazyseek                        0x08001ce7   Thumb Code    60  stdio.o(.text)
    __sig_exit                               0x08001d29   Thumb Code    10  defsig_exit.o(.text)
    __rt_SIGRTRED_inner                      0x08001d35   Thumb Code    14  defsig_rtred_inner.o(.text)
    strlen                                   0x08001d69   Thumb Code    62  strlen.o(.text)
    strcmp                                   0x08001da9   Thumb Code   128  strcmpv7m.o(.text)
    _sys_exit                                0x08001e29   Thumb Code     8  sys_exit.o(.text)
    __Heap_Initialize                        0x08001e35   Thumb Code    10  h1_init.o(.text)
    __Heap_DescSize                          0x08001e3f   Thumb Code     4  h1_init.o(.text)
    __Heap_ProvideMemory                     0x08001e43   Thumb Code    52  h1_extend.o(.text)
    _ftell_internal                          0x08001e77   Thumb Code    66  ftell.o(.text)
    ftell                                    0x08001e77   Thumb Code     0  ftell.o(.text)
    __default_signal_display                 0x08001eb9   Thumb Code    50  defsig_general.o(.text)
    __rt_SIGRTMEM                            0x08001eeb   Thumb Code    14  defsig_rtmem_outer.o(.text)
    _ttywrch                                 0x08001ef9   Thumb Code    14  sys_wrch.o(.text)
    __aeabi_errno_addr                       0x08001f09   Thumb Code     8  rt_errno_addr_intlibspace.o(.text)
    __errno$intlibspace                      0x08001f09   Thumb Code     0  rt_errno_addr_intlibspace.o(.text)
    __rt_errno_addr$intlibspace              0x08001f09   Thumb Code     0  rt_errno_addr_intlibspace.o(.text)
    __rt_SIGRTMEM_inner                      0x08001f11   Thumb Code    22  defsig_rtmem_inner.o(.text)
    _btod_d2e                                0x08001f61   Thumb Code    62  btod.o(CL$$btod_d2e)
    _d2e_denorm_low                          0x08001f9f   Thumb Code    70  btod.o(CL$$btod_d2e_denorm_low)
    _d2e_norm_op1                            0x08001fe5   Thumb Code    96  btod.o(CL$$btod_d2e_norm_op1)
    __btod_div_common                        0x08002045   Thumb Code   696  btod.o(CL$$btod_div_common)
    _e2e                                     0x0800237d   Thumb Code   220  btod.o(CL$$btod_e2e)
    _btod_ediv                               0x08002459   Thumb Code    42  btod.o(CL$$btod_ediv)
    _btod_emul                               0x08002483   Thumb Code    42  btod.o(CL$$btod_emul)
    __btod_mult_common                       0x080024ad   Thumb Code   580  btod.o(CL$$btod_mult_common)
    BusFault_Handler                         0x080026f1   Thumb Code     4  stm32f4xx_it.o(i.BusFault_Handler)
    DebugMon_Handler                         0x080026f5   Thumb Code     2  stm32f4xx_it.o(i.DebugMon_Handler)
    Delay_ms                                 0x080026f7   Thumb Code    26  delay.o(i.Delay_ms)
    Delay_us                                 0x08002711   Thumb Code    18  delay.o(i.Delay_us)
    HAL_GPIO_Init                            0x080027c5   Thumb Code   486  stm32f4xx_hal_gpio.o(i.HAL_GPIO_Init)
    HAL_GetTick                              0x080029e1   Thumb Code     6  stm32f4xx_hal.o(i.HAL_GetTick)
    HAL_IncTick                              0x080029ed   Thumb Code    16  stm32f4xx_hal.o(i.HAL_IncTick)
    HAL_Init                                 0x08002a05   Thumb Code    44  stm32f4xx_hal.o(i.HAL_Init)
    HAL_InitTick                             0x08002a35   Thumb Code    64  stm32f4xx_hal.o(i.HAL_InitTick)
    HAL_MspInit                              0x08002a81   Thumb Code    68  stm32f4xx_hal_msp.o(i.HAL_MspInit)
    HAL_NVIC_SetPriority                     0x08002ac9   Thumb Code   124  stm32f4xx_hal_cortex.o(i.HAL_NVIC_SetPriority)
    HAL_NVIC_SetPriorityGrouping             0x08002b45   Thumb Code    32  stm32f4xx_hal_cortex.o(i.HAL_NVIC_SetPriorityGrouping)
    HAL_PWREx_EnableOverDrive                0x08002b6d   Thumb Code   128  stm32f4xx_hal_pwr_ex.o(i.HAL_PWREx_EnableOverDrive)
    HAL_RCC_ClockConfig                      0x08002bf9   Thumb Code   368  stm32f4xx_hal_rcc.o(i.HAL_RCC_ClockConfig)
    HAL_RCC_GetSysClockFreq                  0x08002d7d   Thumb Code   162  stm32f4xx_hal_rcc.o(i.HAL_RCC_GetSysClockFreq)
    HAL_RCC_OscConfig                        0x08002e2d   Thumb Code  1152  stm32f4xx_hal_rcc.o(i.HAL_RCC_OscConfig)
    HAL_SYSTICK_Config                       0x080032b5   Thumb Code    52  stm32f4xx_hal_cortex.o(i.HAL_SYSTICK_Config)
    HAL_TIMEx_ConfigBreakDeadTime            0x080032e9   Thumb Code   116  stm32f4xx_hal_tim_ex.o(i.HAL_TIMEx_ConfigBreakDeadTime)
    HAL_TIMEx_MasterConfigSynchronization    0x0800335d   Thumb Code   150  stm32f4xx_hal_tim_ex.o(i.HAL_TIMEx_MasterConfigSynchronization)
    HAL_TIM_Base_Init                        0x08003411   Thumb Code    52  stm32f4xx_hal_tim.o(i.HAL_TIM_Base_Init)
    HAL_TIM_Base_MspInit                     0x08003445   Thumb Code    88  stm32f4xx_hal_msp.o(i.HAL_TIM_Base_MspInit)
    HAL_TIM_Base_Start                       0x080034a9   Thumb Code    42  stm32f4xx_hal_tim.o(i.HAL_TIM_Base_Start)
    HAL_TIM_ConfigClockSource                0x080034d3   Thumb Code   264  stm32f4xx_hal_tim.o(i.HAL_TIM_ConfigClockSource)
    HAL_TIM_MspPostInit                      0x080035dd   Thumb Code    84  stm32f4xx_hal_msp.o(i.HAL_TIM_MspPostInit)
    HAL_TIM_PWM_ConfigChannel                0x0800363d   Thumb Code   264  stm32f4xx_hal_tim.o(i.HAL_TIM_PWM_ConfigChannel)
    HAL_TIM_PWM_Init                         0x08003745   Thumb Code    52  stm32f4xx_hal_tim.o(i.HAL_TIM_PWM_Init)
    HAL_TIM_PWM_MspInit                      0x08003779   Thumb Code     2  stm32f4xx_hal_tim.o(i.HAL_TIM_PWM_MspInit)
    HAL_TIM_PWM_Start                        0x0800377d   Thumb Code    80  stm32f4xx_hal_tim.o(i.HAL_TIM_PWM_Start)
    HAL_TIM_PWM_Stop                         0x080037d5   Thumb Code   126  stm32f4xx_hal_tim.o(i.HAL_TIM_PWM_Stop)
    HardFault_Handler                        0x0800385d   Thumb Code     4  stm32f4xx_it.o(i.HardFault_Handler)
    Init_Delay                               0x08003861   Thumb Code   118  delay.o(i.Init_Delay)
    MemManage_Handler                        0x080038e1   Thumb Code     4  stm32f4xx_it.o(i.MemManage_Handler)
    NMI_Handler                              0x080038e5   Thumb Code     2  stm32f4xx_it.o(i.NMI_Handler)
    PendSV_Handler                           0x080038e7   Thumb Code     2  stm32f4xx_it.o(i.PendSV_Handler)
    SVC_Handler                              0x080038e9   Thumb Code     2  stm32f4xx_it.o(i.SVC_Handler)
    SysTick_Handler                          0x080038eb   Thumb Code     8  stm32f4xx_it.o(i.SysTick_Handler)
    SystemCoreClockUpdate                    0x080039bd   Thumb Code   170  system_stm32f4xx.o(i.SystemCoreClockUpdate)
    SystemInit                               0x08003a7d   Thumb Code    24  system_stm32f4xx.o(i.SystemInit)
    TIM_Base_SetConfig                       0x08003a99   Thumb Code   170  stm32f4xx_hal_tim.o(i.TIM_Base_SetConfig)
    TIM_CCxChannelCmd                        0x08003b71   Thumb Code    34  stm32f4xx_hal_tim.o(i.TIM_CCxChannelCmd)
    TIM_ETR_SetConfig                        0x08003b93   Thumb Code    22  stm32f4xx_hal_tim.o(i.TIM_ETR_SetConfig)
    TIM_OC2_SetConfig                        0x08003c2d   Thumb Code   114  stm32f4xx_hal_tim.o(i.TIM_OC2_SetConfig)
    UsageFault_Handler                       0x08003dc3   Thumb Code     4  stm32f4xx_it.o(i.UsageFault_Handler)
    __ARM_fpclassify                         0x08003dc7   Thumb Code    48  fpclassify.o(i.__ARM_fpclassify)
    _is_digit                                0x08003e31   Thumb Code    14  __printf_wp.o(i._is_digit)
    fputc                                    0x08003e3f   Thumb Code    26  fputc.o(i.fputc)
    init_speaker                             0x08003e59   Thumb Code   174  speaker.o(i.init_speaker)
    main                                     0x08003f11   Thumb Code    42  main.o(i.main)
    zumbido                                  0x08003f3d   Thumb Code    28  speaker.o(i.zumbido)
    _get_lc_numeric                          0x08003f5d   Thumb Code    44  lc_numeric_c.o(locale$$code)
    _get_lc_ctype                            0x08003f89   Thumb Code    44  lc_ctype_c.o(locale$$code)
    _fp_init                                 0x08003fb5   Thumb Code    10  fpinit.o(x$fpl$fpinit)
    __fplib_config_fpu_vfp                   0x08003fbd   Thumb Code     0  fpinit.o(x$fpl$fpinit)
    __fplib_config_pureend_doubles           0x08003fbd   Thumb Code     0  fpinit.o(x$fpl$fpinit)
    _printf_fp_dec                           0x08003fbf   Thumb Code     4  printf1.o(x$fpl$printf1)
    _printf_fp_hex                           0x08003fc3   Thumb Code     4  printf2.o(x$fpl$printf2)
    AHBPrescTable                            0x08003fc6   Data          16  system_stm32f4xx.o(.constdata)
    __I$use$fp                               0x08003fc6   Number         0  usenofp.o(x$fpl$usenofp)
    APBPrescTable                            0x08003fd6   Data           8  system_stm32f4xx.o(.constdata)
    __stdin_name                             0x08004047   Data           4  sys_io.o(.constdata)
    __stdout_name                            0x0800404b   Data           4  sys_io.o(.constdata)
    __stderr_name                            0x0800404f   Data           4  sys_io.o(.constdata)
    Region$$Table$$Base                      0x080040e8   Number         0  anon$$obj.o(Region$$Table)
    Region$$Table$$Limit                     0x08004108   Number         0  anon$$obj.o(Region$$Table)
    __ctype                                  0x08004131   Data           0  lc_ctype_c.o(locale$$data)
    uwTick                                   0x20000000   Data           4  stm32f4xx_hal.o(.data)
    uwTickPrio                               0x20000004   Data           4  stm32f4xx_hal.o(.data)
    uwTickFreq                               0x20000008   Data           1  stm32f4xx_hal.o(.data)
    SystemCoreClock                          0x2000000c   Data           4  system_stm32f4xx.o(.data)
    __aeabi_stdin                            0x20000010   Data           4  stdio_streams.o(.data)
    __aeabi_stdout                           0x20000014   Data           4  stdio_streams.o(.data)
    __aeabi_stderr                           0x20000018   Data           4  stdio_streams.o(.data)
    htim1                                    0x2000001c   Data          64  speaker.o(.bss)
    htim6                                    0x2000005c   Data          64  delay.o(.bss)
    __stdin                                  0x2000009c   Data          84  stdio_streams.o(.bss)
    __stdout                                 0x200000f0   Data          84  stdio_streams.o(.bss)
    __stderr                                 0x20000144   Data          84  stdio_streams.o(.bss)
    __libspace_start                         0x20000198   Data          96  libspace.o(.bss)
    __temporary_stack_top$libspace           0x200001f8   Data           0  libspace.o(.bss)



==============================================================================

Memory Map of the image

  Image Entry point : 0x080001ad

  Load Region LR_IROM1 (Base: 0x08000000, Size: 0x00004250, Max: 0x00200000, ABSOLUTE)

    Execution Region ER_IROM1 (Exec base: 0x08000000, Load base: 0x08000000, Size: 0x00004234, Max: 0x00200000, ABSOLUTE)

    Exec Addr    Load Addr    Size         Type   Attr      Idx    E Section Name        Object

    0x08000000   0x08000000   0x000001ac   Data   RO         2184    RESET               startup_stm32f429xx.o
    0x080001ac   0x080001ac   0x00000008   Code   RO         2236  * !!!main             c_w.l(__main.o)
    0x080001b4   0x080001b4   0x00000034   Code   RO         2750    !!!scatter          c_w.l(__scatter.o)
    0x080001e8   0x080001e8   0x0000001a   Code   RO         2752    !!handler_copy      c_w.l(__scatter_copy.o)
    0x08000202   0x08000202   0x00000002   PAD
    0x08000204   0x08000204   0x0000001c   Code   RO         2754    !!handler_zi        c_w.l(__scatter_zi.o)
    0x08000220   0x08000220   0x00000000   Code   RO         2322    .ARM.Collect$$_printf_percent$$00000000  c_w.l(_printf_percent.o)
    0x08000220   0x08000220   0x00000006   Code   RO         2311    .ARM.Collect$$_printf_percent$$00000001  c_w.l(_printf_n.o)
    0x08000226   0x08000226   0x00000006   Code   RO         2313    .ARM.Collect$$_printf_percent$$00000002  c_w.l(_printf_p.o)
    0x0800022c   0x0800022c   0x00000006   Code   RO         2318    .ARM.Collect$$_printf_percent$$00000003  c_w.l(_printf_f.o)
    0x08000232   0x08000232   0x00000006   Code   RO         2319    .ARM.Collect$$_printf_percent$$00000004  c_w.l(_printf_e.o)
    0x08000238   0x08000238   0x00000006   Code   RO         2320    .ARM.Collect$$_printf_percent$$00000005  c_w.l(_printf_g.o)
    0x0800023e   0x0800023e   0x00000006   Code   RO         2321    .ARM.Collect$$_printf_percent$$00000006  c_w.l(_printf_a.o)
    0x08000244   0x08000244   0x0000000a   Code   RO         2326    .ARM.Collect$$_printf_percent$$00000007  c_w.l(_printf_ll.o)
    0x0800024e   0x0800024e   0x00000006   Code   RO         2315    .ARM.Collect$$_printf_percent$$00000008  c_w.l(_printf_i.o)
    0x08000254   0x08000254   0x00000006   Code   RO         2316    .ARM.Collect$$_printf_percent$$00000009  c_w.l(_printf_d.o)
    0x0800025a   0x0800025a   0x00000006   Code   RO         2317    .ARM.Collect$$_printf_percent$$0000000A  c_w.l(_printf_u.o)
    0x08000260   0x08000260   0x00000006   Code   RO         2314    .ARM.Collect$$_printf_percent$$0000000B  c_w.l(_printf_o.o)
    0x08000266   0x08000266   0x00000006   Code   RO         2312    .ARM.Collect$$_printf_percent$$0000000C  c_w.l(_printf_x.o)
    0x0800026c   0x0800026c   0x00000006   Code   RO         2323    .ARM.Collect$$_printf_percent$$0000000D  c_w.l(_printf_lli.o)
    0x08000272   0x08000272   0x00000006   Code   RO         2324    .ARM.Collect$$_printf_percent$$0000000E  c_w.l(_printf_lld.o)
    0x08000278   0x08000278   0x00000006   Code   RO         2325    .ARM.Collect$$_printf_percent$$0000000F  c_w.l(_printf_llu.o)
    0x0800027e   0x0800027e   0x00000006   Code   RO         2330    .ARM.Collect$$_printf_percent$$00000010  c_w.l(_printf_llo.o)
    0x08000284   0x08000284   0x00000006   Code   RO         2331    .ARM.Collect$$_printf_percent$$00000011  c_w.l(_printf_llx.o)
    0x0800028a   0x0800028a   0x0000000a   Code   RO         2327    .ARM.Collect$$_printf_percent$$00000012  c_w.l(_printf_l.o)
    0x08000294   0x08000294   0x00000006   Code   RO         2309    .ARM.Collect$$_printf_percent$$00000013  c_w.l(_printf_c.o)
    0x0800029a   0x0800029a   0x00000006   Code   RO         2310    .ARM.Collect$$_printf_percent$$00000014  c_w.l(_printf_s.o)
    0x080002a0   0x080002a0   0x00000006   Code   RO         2328    .ARM.Collect$$_printf_percent$$00000015  c_w.l(_printf_lc.o)
    0x080002a6   0x080002a6   0x00000006   Code   RO         2329    .ARM.Collect$$_printf_percent$$00000016  c_w.l(_printf_ls.o)
    0x080002ac   0x080002ac   0x00000004   Code   RO         2378    .ARM.Collect$$_printf_percent$$00000017  c_w.l(_printf_percent_end.o)
    0x080002b0   0x080002b0   0x00000002   Code   RO         2527    .ARM.Collect$$libinit$$00000000  c_w.l(libinit.o)
    0x080002b2   0x080002b2   0x00000004   Code   RO         2528    .ARM.Collect$$libinit$$00000001  c_w.l(libinit2.o)
    0x080002b6   0x080002b6   0x00000000   Code   RO         2531    .ARM.Collect$$libinit$$00000004  c_w.l(libinit2.o)
    0x080002b6   0x080002b6   0x00000008   Code   RO         2532    .ARM.Collect$$libinit$$00000005  c_w.l(libinit2.o)
    0x080002be   0x080002be   0x00000000   Code   RO         2534    .ARM.Collect$$libinit$$0000000A  c_w.l(libinit2.o)
    0x080002be   0x080002be   0x00000000   Code   RO         2536    .ARM.Collect$$libinit$$0000000C  c_w.l(libinit2.o)
    0x080002be   0x080002be   0x00000000   Code   RO         2538    .ARM.Collect$$libinit$$0000000E  c_w.l(libinit2.o)
    0x080002be   0x080002be   0x00000006   Code   RO         2539    .ARM.Collect$$libinit$$0000000F  c_w.l(libinit2.o)
    0x080002c4   0x080002c4   0x00000000   Code   RO         2541    .ARM.Collect$$libinit$$00000011  c_w.l(libinit2.o)
    0x080002c4   0x080002c4   0x0000000c   Code   RO         2542    .ARM.Collect$$libinit$$00000012  c_w.l(libinit2.o)
    0x080002d0   0x080002d0   0x00000000   Code   RO         2543    .ARM.Collect$$libinit$$00000013  c_w.l(libinit2.o)
    0x080002d0   0x080002d0   0x00000000   Code   RO         2545    .ARM.Collect$$libinit$$00000015  c_w.l(libinit2.o)
    0x080002d0   0x080002d0   0x0000000a   Code   RO         2546    .ARM.Collect$$libinit$$00000016  c_w.l(libinit2.o)
    0x080002da   0x080002da   0x00000000   Code   RO         2547    .ARM.Collect$$libinit$$00000017  c_w.l(libinit2.o)
    0x080002da   0x080002da   0x00000000   Code   RO         2549    .ARM.Collect$$libinit$$00000019  c_w.l(libinit2.o)
    0x080002da   0x080002da   0x00000000   Code   RO         2551    .ARM.Collect$$libinit$$0000001B  c_w.l(libinit2.o)
    0x080002da   0x080002da   0x00000000   Code   RO         2553    .ARM.Collect$$libinit$$0000001D  c_w.l(libinit2.o)
    0x080002da   0x080002da   0x00000000   Code   RO         2555    .ARM.Collect$$libinit$$0000001F  c_w.l(libinit2.o)
    0x080002da   0x080002da   0x00000000   Code   RO         2557    .ARM.Collect$$libinit$$00000021  c_w.l(libinit2.o)
    0x080002da   0x080002da   0x00000000   Code   RO         2559    .ARM.Collect$$libinit$$00000023  c_w.l(libinit2.o)
    0x080002da   0x080002da   0x00000004   Code   RO         2560    .ARM.Collect$$libinit$$00000024  c_w.l(libinit2.o)
    0x080002de   0x080002de   0x00000000   Code   RO         2561    .ARM.Collect$$libinit$$00000025  c_w.l(libinit2.o)
    0x080002de   0x080002de   0x00000000   Code   RO         2565    .ARM.Collect$$libinit$$0000002C  c_w.l(libinit2.o)
    0x080002de   0x080002de   0x00000000   Code   RO         2567    .ARM.Collect$$libinit$$0000002E  c_w.l(libinit2.o)
    0x080002de   0x080002de   0x00000000   Code   RO         2569    .ARM.Collect$$libinit$$00000030  c_w.l(libinit2.o)
    0x080002de   0x080002de   0x00000000   Code   RO         2571    .ARM.Collect$$libinit$$00000032  c_w.l(libinit2.o)
    0x080002de   0x080002de   0x00000002   Code   RO         2572    .ARM.Collect$$libinit$$00000033  c_w.l(libinit2.o)
    0x080002e0   0x080002e0   0x00000002   Code   RO         2731    .ARM.Collect$$libshutdown$$00000000  c_w.l(libshutdown.o)
    0x080002e2   0x080002e2   0x00000000   Code   RO         2574    .ARM.Collect$$libshutdown$$00000002  c_w.l(libshutdown2.o)
    0x080002e2   0x080002e2   0x00000004   Code   RO         2575    .ARM.Collect$$libshutdown$$00000003  c_w.l(libshutdown2.o)
    0x080002e6   0x080002e6   0x00000000   Code   RO         2576    .ARM.Collect$$libshutdown$$00000004  c_w.l(libshutdown2.o)
    0x080002e6   0x080002e6   0x00000000   Code   RO         2579    .ARM.Collect$$libshutdown$$00000007  c_w.l(libshutdown2.o)
    0x080002e6   0x080002e6   0x00000000   Code   RO         2582    .ARM.Collect$$libshutdown$$0000000A  c_w.l(libshutdown2.o)
    0x080002e6   0x080002e6   0x00000000   Code   RO         2584    .ARM.Collect$$libshutdown$$0000000C  c_w.l(libshutdown2.o)
    0x080002e6   0x080002e6   0x00000000   Code   RO         2587    .ARM.Collect$$libshutdown$$0000000F  c_w.l(libshutdown2.o)
    0x080002e6   0x080002e6   0x00000002   Code   RO         2588    .ARM.Collect$$libshutdown$$00000010  c_w.l(libshutdown2.o)
    0x080002e8   0x080002e8   0x00000000   Code   RO         2238    .ARM.Collect$$rtentry$$00000000  c_w.l(__rtentry.o)
    0x080002e8   0x080002e8   0x00000000   Code   RO         2347    .ARM.Collect$$rtentry$$00000002  c_w.l(__rtentry2.o)
    0x080002e8   0x080002e8   0x00000006   Code   RO         2359    .ARM.Collect$$rtentry$$00000004  c_w.l(__rtentry4.o)
    0x080002ee   0x080002ee   0x00000000   Code   RO         2349    .ARM.Collect$$rtentry$$00000009  c_w.l(__rtentry2.o)
    0x080002ee   0x080002ee   0x00000004   Code   RO         2350    .ARM.Collect$$rtentry$$0000000A  c_w.l(__rtentry2.o)
    0x080002f2   0x080002f2   0x00000000   Code   RO         2352    .ARM.Collect$$rtentry$$0000000C  c_w.l(__rtentry2.o)
    0x080002f2   0x080002f2   0x00000008   Code   RO         2353    .ARM.Collect$$rtentry$$0000000D  c_w.l(__rtentry2.o)
    0x080002fa   0x080002fa   0x00000002   Code   RO         2602    .ARM.Collect$$rtexit$$00000000  c_w.l(rtexit.o)
    0x080002fc   0x080002fc   0x00000000   Code   RO         2667    .ARM.Collect$$rtexit$$00000002  c_w.l(rtexit2.o)
    0x080002fc   0x080002fc   0x00000004   Code   RO         2668    .ARM.Collect$$rtexit$$00000003  c_w.l(rtexit2.o)
    0x08000300   0x08000300   0x00000006   Code   RO         2669    .ARM.Collect$$rtexit$$00000004  c_w.l(rtexit2.o)
    0x08000306   0x08000306   0x00000002   PAD
    0x08000308   0x08000308   0x00000000   Code   RO         2673    .emb_text           c_w.l(maybetermalloc1.o)
    0x08000308   0x08000308   0x00000040   Code   RO         2185    .text               startup_stm32f429xx.o
    0x08000348   0x08000348   0x000000ee   Code   RO         2228    .text               c_w.l(lludivv7m.o)
    0x08000436   0x08000436   0x00000002   PAD
    0x08000438   0x08000438   0x00000018   Code   RO         2230    .text               c_w.l(printf.o)
    0x08000450   0x08000450   0x0000004e   Code   RO         2232    .text               c_w.l(rt_memclr_w.o)
    0x0800049e   0x0800049e   0x00000006   Code   RO         2234    .text               c_w.l(heapauxi.o)
    0x080004a4   0x080004a4   0x0000004e   Code   RO         2245    .text               c_w.l(_printf_pad.o)
    0x080004f2   0x080004f2   0x00000024   Code   RO         2247    .text               c_w.l(_printf_truncate.o)
    0x08000516   0x08000516   0x00000052   Code   RO         2249    .text               c_w.l(_printf_str.o)
    0x08000568   0x08000568   0x00000078   Code   RO         2251    .text               c_w.l(_printf_dec.o)
    0x080005e0   0x080005e0   0x00000028   Code   RO         2253    .text               c_w.l(_printf_charcount.o)
    0x08000608   0x08000608   0x00000024   Code   RO         2255    .text               c_w.l(_printf_char_file.o)
    0x0800062c   0x0800062c   0x000000bc   Code   RO         2257    .text               c_w.l(_printf_wctomb.o)
    0x080006e8   0x080006e8   0x0000007c   Code   RO         2260    .text               c_w.l(_printf_longlong_dec.o)
    0x08000764   0x08000764   0x00000070   Code   RO         2266    .text               c_w.l(_printf_oct_int_ll.o)
    0x080007d4   0x080007d4   0x00000094   Code   RO         2286    .text               c_w.l(_printf_hex_int_ll_ptr.o)
    0x08000868   0x08000868   0x00000188   Code   RO         2306    .text               c_w.l(__printf_flags_ss_wp.o)
    0x080009f0   0x080009f0   0x0000008a   Code   RO         2363    .text               c_w.l(lludiv10.o)
    0x08000a7a   0x08000a7a   0x000000b2   Code   RO         2365    .text               c_w.l(_printf_intcommon.o)
    0x08000b2c   0x08000b2c   0x0000041e   Code   RO         2367    .text               c_w.l(_printf_fp_dec.o)
    0x08000f4a   0x08000f4a   0x00000002   PAD
    0x08000f4c   0x08000f4c   0x000002fc   Code   RO         2369    .text               c_w.l(_printf_fp_hex.o)
    0x08001248   0x08001248   0x00000030   Code   RO         2372    .text               c_w.l(_printf_char_common.o)
    0x08001278   0x08001278   0x0000002c   Code   RO         2374    .text               c_w.l(_printf_char.o)
    0x080012a4   0x080012a4   0x0000002c   Code   RO         2376    .text               c_w.l(_printf_wchar.o)
    0x080012d0   0x080012d0   0x00000008   Code   RO         2379    .text               c_w.l(ferror.o)
    0x080012d8   0x080012d8   0x00000138   Code   RO         2385    .text               c_w.l(initio.o)
    0x08001410   0x08001410   0x00000040   Code   RO         2393    .text               c_w.l(_wcrtomb.o)
    0x08001450   0x08001450   0x00000066   Code   RO         2395    .text               c_w.l(sys_io.o)
    0x080014b6   0x080014b6   0x0000004a   Code   RO         2402    .text               c_w.l(sys_stackheap_outer.o)
    0x08001500   0x08001500   0x00000010   Code   RO         2404    .text               c_w.l(rt_ctype_table.o)
    0x08001510   0x08001510   0x00000008   Code   RO         2409    .text               c_w.l(rt_locale_intlibspace.o)
    0x08001518   0x08001518   0x0000004e   Code   RO         2413    .text               c_w.l(h1_free.o)
    0x08001566   0x08001566   0x00000002   PAD
    0x08001568   0x08001568   0x00000080   Code   RO         2467    .text               c_w.l(_printf_fp_infnan.o)
    0x080015e8   0x080015e8   0x000000e4   Code   RO         2471    .text               c_w.l(bigflt0.o)
    0x080016cc   0x080016cc   0x000001d6   Code   RO         2496    .text               c_w.l(flsbuf.o)
    0x080018a2   0x080018a2   0x00000046   Code   RO         2498    .text               c_w.l(setvbuf.o)
    0x080018e8   0x080018e8   0x000000ec   Code   RO         2501    .text               c_w.l(fopen.o)
    0x080019d4   0x080019d4   0x0000004c   Code   RO         2503    .text               c_w.l(fclose.o)
    0x08001a20   0x08001a20   0x00000012   Code   RO         2512    .text               c_w.l(exit.o)
    0x08001a32   0x08001a32   0x0000000e   Code   RO         2518    .text               c_w.l(defsig_rtred_outer.o)
    0x08001a40   0x08001a40   0x00000008   Code   RO         2596    .text               c_w.l(libspace.o)
    0x08001a48   0x08001a48   0x00000002   Code   RO         2599    .text               c_w.l(use_no_semi.o)
    0x08001a4a   0x08001a4a   0x00000000   Code   RO         2601    .text               c_w.l(indicate_semi.o)
    0x08001a4a   0x08001a4a   0x00000002   PAD
    0x08001a4c   0x08001a4c   0x00000008   Code   RO         2609    .text               c_w.l(rt_heap_descriptor_intlibspace.o)
    0x08001a54   0x08001a54   0x00000004   Code   RO         2611    .text               c_w.l(hguard.o)
    0x08001a58   0x08001a58   0x0000008a   Code   RO         2613    .text               c_w.l(init_alloc.o)
    0x08001ae2   0x08001ae2   0x0000005e   Code   RO         2619    .text               c_w.l(h1_alloc.o)
    0x08001b40   0x08001b40   0x000000f8   Code   RO         2635    .text               c_w.l(fseek.o)
    0x08001c38   0x08001c38   0x000000f0   Code   RO         2637    .text               c_w.l(stdio.o)
    0x08001d28   0x08001d28   0x0000000a   Code   RO         2646    .text               c_w.l(defsig_exit.o)
    0x08001d32   0x08001d32   0x00000002   PAD
    0x08001d34   0x08001d34   0x00000034   Code   RO         2650    .text               c_w.l(defsig_rtred_inner.o)
    0x08001d68   0x08001d68   0x0000003e   Code   RO         2654    .text               c_w.l(strlen.o)
    0x08001da6   0x08001da6   0x00000002   PAD
    0x08001da8   0x08001da8   0x00000080   Code   RO         2658    .text               c_w.l(strcmpv7m.o)
    0x08001e28   0x08001e28   0x0000000c   Code   RO         2664    .text               c_w.l(sys_exit.o)
    0x08001e34   0x08001e34   0x0000000e   Code   RO         2675    .text               c_w.l(h1_init.o)
    0x08001e42   0x08001e42   0x00000034   Code   RO         2677    .text               c_w.l(h1_extend.o)
    0x08001e76   0x08001e76   0x00000042   Code   RO         2687    .text               c_w.l(ftell.o)
    0x08001eb8   0x08001eb8   0x00000032   Code   RO         2695    .text               c_w.l(defsig_general.o)
    0x08001eea   0x08001eea   0x0000000e   Code   RO         2697    .text               c_w.l(defsig_rtmem_outer.o)
    0x08001ef8   0x08001ef8   0x0000000e   Code   RO         2712    .text               c_w.l(sys_wrch.o)
    0x08001f06   0x08001f06   0x00000002   PAD
    0x08001f08   0x08001f08   0x00000008   Code   RO         2719    .text               c_w.l(rt_errno_addr_intlibspace.o)
    0x08001f10   0x08001f10   0x00000050   Code   RO         2725    .text               c_w.l(defsig_rtmem_inner.o)
    0x08001f60   0x08001f60   0x0000003e   Code   RO         2474    CL$$btod_d2e        c_w.l(btod.o)
    0x08001f9e   0x08001f9e   0x00000046   Code   RO         2476    CL$$btod_d2e_denorm_low  c_w.l(btod.o)
    0x08001fe4   0x08001fe4   0x00000060   Code   RO         2475    CL$$btod_d2e_norm_op1  c_w.l(btod.o)
    0x08002044   0x08002044   0x00000338   Code   RO         2484    CL$$btod_div_common  c_w.l(btod.o)
    0x0800237c   0x0800237c   0x000000dc   Code   RO         2481    CL$$btod_e2e        c_w.l(btod.o)
    0x08002458   0x08002458   0x0000002a   Code   RO         2478    CL$$btod_ediv       c_w.l(btod.o)
    0x08002482   0x08002482   0x0000002a   Code   RO         2477    CL$$btod_emul       c_w.l(btod.o)
    0x080024ac   0x080024ac   0x00000244   Code   RO         2483    CL$$btod_mult_common  c_w.l(btod.o)
    0x080026f0   0x080026f0   0x00000004   Code   RO          140    i.BusFault_Handler  stm32f4xx_it.o
    0x080026f4   0x080026f4   0x00000002   Code   RO          141    i.DebugMon_Handler  stm32f4xx_it.o
    0x080026f6   0x080026f6   0x0000001a   Code   RO          296    i.Delay_ms          delay.o
    0x08002710   0x08002710   0x00000018   Code   RO          297    i.Delay_us          delay.o
    0x08002728   0x08002728   0x0000009c   Code   RO            4    i.Error_Handler     main.o
    0x080027c4   0x080027c4   0x0000021c   Code   RO          823    i.HAL_GPIO_Init     stm32f4xx_hal_gpio.o
    0x080029e0   0x080029e0   0x0000000c   Code   RO          350    i.HAL_GetTick       stm32f4xx_hal.o
    0x080029ec   0x080029ec   0x00000018   Code   RO          356    i.HAL_IncTick       stm32f4xx_hal.o
    0x08002a04   0x08002a04   0x00000030   Code   RO          357    i.HAL_Init          stm32f4xx_hal.o
    0x08002a34   0x08002a34   0x0000004c   Code   RO          358    i.HAL_InitTick      stm32f4xx_hal.o
    0x08002a80   0x08002a80   0x00000048   Code   RO          216    i.HAL_MspInit       stm32f4xx_hal_msp.o
    0x08002ac8   0x08002ac8   0x0000007c   Code   RO          544    i.HAL_NVIC_SetPriority  stm32f4xx_hal_cortex.o
    0x08002b44   0x08002b44   0x00000028   Code   RO          545    i.HAL_NVIC_SetPriorityGrouping  stm32f4xx_hal_cortex.o
    0x08002b6c   0x08002b6c   0x0000008c   Code   RO         1012    i.HAL_PWREx_EnableOverDrive  stm32f4xx_hal_pwr_ex.o
    0x08002bf8   0x08002bf8   0x00000184   Code   RO         1079    i.HAL_RCC_ClockConfig  stm32f4xx_hal_rcc.o
    0x08002d7c   0x08002d7c   0x000000b0   Code   RO         1088    i.HAL_RCC_GetSysClockFreq  stm32f4xx_hal_rcc.o
    0x08002e2c   0x08002e2c   0x00000488   Code   RO         1091    i.HAL_RCC_OscConfig  stm32f4xx_hal_rcc.o
    0x080032b4   0x080032b4   0x00000034   Code   RO          549    i.HAL_SYSTICK_Config  stm32f4xx_hal_cortex.o
    0x080032e8   0x080032e8   0x00000074   Code   RO         1937    i.HAL_TIMEx_ConfigBreakDeadTime  stm32f4xx_hal_tim_ex.o
    0x0800335c   0x0800335c   0x000000b4   Code   RO         1952    i.HAL_TIMEx_MasterConfigSynchronization  stm32f4xx_hal_tim_ex.o
    0x08003410   0x08003410   0x00000034   Code   RO         1248    i.HAL_TIM_Base_Init  stm32f4xx_hal_tim.o
    0x08003444   0x08003444   0x00000064   Code   RO          218    i.HAL_TIM_Base_MspInit  stm32f4xx_hal_msp.o
    0x080034a8   0x080034a8   0x0000002a   Code   RO         1251    i.HAL_TIM_Base_Start  stm32f4xx_hal_tim.o
    0x080034d2   0x080034d2   0x00000108   Code   RO         1257    i.HAL_TIM_ConfigClockSource  stm32f4xx_hal_tim.o
    0x080035da   0x080035da   0x00000002   PAD
    0x080035dc   0x080035dc   0x00000060   Code   RO          219    i.HAL_TIM_MspPostInit  stm32f4xx_hal_msp.o
    0x0800363c   0x0800363c   0x00000108   Code   RO         1315    i.HAL_TIM_PWM_ConfigChannel  stm32f4xx_hal_tim.o
    0x08003744   0x08003744   0x00000034   Code   RO         1318    i.HAL_TIM_PWM_Init  stm32f4xx_hal_tim.o
    0x08003778   0x08003778   0x00000002   Code   RO         1320    i.HAL_TIM_PWM_MspInit  stm32f4xx_hal_tim.o
    0x0800377a   0x0800377a   0x00000002   PAD
    0x0800377c   0x0800377c   0x00000058   Code   RO         1323    i.HAL_TIM_PWM_Start  stm32f4xx_hal_tim.o
    0x080037d4   0x080037d4   0x00000088   Code   RO         1326    i.HAL_TIM_PWM_Stop  stm32f4xx_hal_tim.o
    0x0800385c   0x0800385c   0x00000004   Code   RO          142    i.HardFault_Handler  stm32f4xx_it.o
    0x08003860   0x08003860   0x00000080   Code   RO          298    i.Init_Delay        delay.o
    0x080038e0   0x080038e0   0x00000004   Code   RO          143    i.MemManage_Handler  stm32f4xx_it.o
    0x080038e4   0x080038e4   0x00000002   Code   RO          144    i.NMI_Handler       stm32f4xx_it.o
    0x080038e6   0x080038e6   0x00000002   Code   RO          145    i.PendSV_Handler    stm32f4xx_it.o
    0x080038e8   0x080038e8   0x00000002   Code   RO          146    i.SVC_Handler       stm32f4xx_it.o
    0x080038ea   0x080038ea   0x00000008   Code   RO          147    i.SysTick_Handler   stm32f4xx_it.o
    0x080038f2   0x080038f2   0x00000002   PAD
    0x080038f4   0x080038f4   0x000000c8   Code   RO            5    i.SystemClock_Config  main.o
    0x080039bc   0x080039bc   0x000000c0   Code   RO         2192    i.SystemCoreClockUpdate  system_stm32f4xx.o
    0x08003a7c   0x08003a7c   0x0000001c   Code   RO         2193    i.SystemInit        system_stm32f4xx.o
    0x08003a98   0x08003a98   0x000000d8   Code   RO         1336    i.TIM_Base_SetConfig  stm32f4xx_hal_tim.o
    0x08003b70   0x08003b70   0x00000022   Code   RO         1337    i.TIM_CCxChannelCmd  stm32f4xx_hal_tim.o
    0x08003b92   0x08003b92   0x00000016   Code   RO         1347    i.TIM_ETR_SetConfig  stm32f4xx_hal_tim.o
    0x08003ba8   0x08003ba8   0x00000012   Code   RO         1348    i.TIM_ITRx_SetConfig  stm32f4xx_hal_tim.o
    0x08003bba   0x08003bba   0x00000002   PAD
    0x08003bbc   0x08003bbc   0x00000070   Code   RO         1349    i.TIM_OC1_SetConfig  stm32f4xx_hal_tim.o
    0x08003c2c   0x08003c2c   0x0000007c   Code   RO         1350    i.TIM_OC2_SetConfig  stm32f4xx_hal_tim.o
    0x08003ca8   0x08003ca8   0x00000078   Code   RO         1351    i.TIM_OC3_SetConfig  stm32f4xx_hal_tim.o
    0x08003d20   0x08003d20   0x00000054   Code   RO         1352    i.TIM_OC4_SetConfig  stm32f4xx_hal_tim.o
    0x08003d74   0x08003d74   0x00000026   Code   RO         1354    i.TIM_TI1_ConfigInputStage  stm32f4xx_hal_tim.o
    0x08003d9a   0x08003d9a   0x00000028   Code   RO         1356    i.TIM_TI2_ConfigInputStage  stm32f4xx_hal_tim.o
    0x08003dc2   0x08003dc2   0x00000004   Code   RO          148    i.UsageFault_Handler  stm32f4xx_it.o
    0x08003dc6   0x08003dc6   0x00000030   Code   RO         2594    i.__ARM_fpclassify  m_wm.l(fpclassify.o)
    0x08003df6   0x08003df6   0x00000002   PAD
    0x08003df8   0x08003df8   0x00000010   Code   RO          551    i.__NVIC_GetPriorityGrouping  stm32f4xx_hal_cortex.o
    0x08003e08   0x08003e08   0x00000028   Code   RO          552    i.__NVIC_SetPriority  stm32f4xx_hal_cortex.o
    0x08003e30   0x08003e30   0x0000000e   Code   RO         2299    i._is_digit         c_w.l(__printf_wp.o)
    0x08003e3e   0x08003e3e   0x0000001a   Code   RO         2382    i.fputc             c_w.l(fputc.o)
    0x08003e58   0x08003e58   0x000000b8   Code   RO          263    i.init_speaker      speaker.o
    0x08003f10   0x08003f10   0x0000002a   Code   RO            6    i.main              main.o
    0x08003f3a   0x08003f3a   0x00000002   PAD
    0x08003f3c   0x08003f3c   0x00000020   Code   RO          264    i.zumbido           speaker.o
    0x08003f5c   0x08003f5c   0x0000002c   Code   RO         2510    locale$$code        c_w.l(lc_numeric_c.o)
    0x08003f88   0x08003f88   0x0000002c   Code   RO         2644    locale$$code        c_w.l(lc_ctype_c.o)
    0x08003fb4   0x08003fb4   0x0000000a   Code   RO         2662    x$fpl$fpinit        fz_wm.l(fpinit.o)
    0x08003fbe   0x08003fbe   0x00000004   Code   RO         2338    x$fpl$printf1       fz_wm.l(printf1.o)
    0x08003fc2   0x08003fc2   0x00000004   Code   RO         2340    x$fpl$printf2       fz_wm.l(printf2.o)
    0x08003fc6   0x08003fc6   0x00000000   Code   RO         2593    x$fpl$usenofp       fz_wm.l(usenofp.o)
    0x08003fc6   0x08003fc6   0x00000018   Data   RO         2194    .constdata          system_stm32f4xx.o
    0x08003fde   0x08003fde   0x00000002   PAD
    0x08003fe0   0x08003fe0   0x00000008   Data   RO         2258    .constdata          c_w.l(_printf_wctomb.o)
    0x08003fe8   0x08003fe8   0x00000028   Data   RO         2287    .constdata          c_w.l(_printf_hex_int_ll_ptr.o)
    0x08004010   0x08004010   0x00000011   Data   RO         2307    .constdata          c_w.l(__printf_flags_ss_wp.o)
    0x08004021   0x08004021   0x00000026   Data   RO         2370    .constdata          c_w.l(_printf_fp_hex.o)
    0x08004047   0x08004047   0x00000004   Data   RO         2396    .constdata          c_w.l(sys_io.o)
    0x0800404b   0x0800404b   0x00000004   Data   RO         2397    .constdata          c_w.l(sys_io.o)
    0x0800404f   0x0800404f   0x00000004   Data   RO         2398    .constdata          c_w.l(sys_io.o)
    0x08004053   0x08004053   0x00000001   PAD
    0x08004054   0x08004054   0x00000094   Data   RO         2472    .constdata          c_w.l(bigflt0.o)
    0x080040e8   0x080040e8   0x00000020   Data   RO         2748    Region$$Table       anon$$obj.o
    0x08004108   0x08004108   0x0000001c   Data   RO         2509    locale$$data        c_w.l(lc_numeric_c.o)
    0x08004124   0x08004124   0x00000110   Data   RO         2643    locale$$data        c_w.l(lc_ctype_c.o)


    Execution Region RW_IRAM1 (Exec base: 0x20000000, Load base: 0x08004234, Size: 0x000007f8, Max: 0x00030000, ABSOLUTE)

    Exec Addr    Load Addr    Size         Type   Attr      Idx    E Section Name        Object

    0x20000000   0x08004234   0x00000009   Data   RW          364    .data               stm32f4xx_hal.o
    0x20000009   0x0800423d   0x00000003   PAD
    0x2000000c   0x08004240   0x00000004   Data   RW         2195    .data               system_stm32f4xx.o
    0x20000010   0x08004244   0x00000004   Data   RW         2335    .data               c_w.l(stdio_streams.o)
    0x20000014   0x08004248   0x00000004   Data   RW         2336    .data               c_w.l(stdio_streams.o)
    0x20000018   0x0800424c   0x00000004   Data   RW         2337    .data               c_w.l(stdio_streams.o)
    0x2000001c        -       0x00000040   Zero   RW          265    .bss                speaker.o
    0x2000005c        -       0x00000040   Zero   RW          299    .bss                delay.o
    0x2000009c        -       0x00000054   Zero   RW         2332    .bss                c_w.l(stdio_streams.o)
    0x200000f0        -       0x00000054   Zero   RW         2333    .bss                c_w.l(stdio_streams.o)
    0x20000144        -       0x00000054   Zero   RW         2334    .bss                c_w.l(stdio_streams.o)
    0x20000198        -       0x00000060   Zero   RW         2597    .bss                c_w.l(libspace.o)
    0x200001f8        -       0x00000200   Zero   RW         2183    HEAP                startup_stm32f429xx.o
    0x200003f8        -       0x00000400   Zero   RW         2182    STACK               startup_stm32f429xx.o


==============================================================================

Image component sizes


      Code (inc. data)   RO Data    RW Data    ZI Data      Debug   Object Name

       178         16          0          0         64       1967   delay.o
       398        134          0          0          0     740027   main.o
       216         14          0          0         64       1421   speaker.o
        64         26        428          0       1536        872   startup_stm32f429xx.o
       160         30          0          9          0       9573   stm32f4xx_hal.o
       272         22          0          0          0      34198   stm32f4xx_hal_cortex.o
       540         54          0          0          0       2008   stm32f4xx_hal_gpio.o
       268         28          0          0          0       2347   stm32f4xx_hal_msp.o
       140         12          0          0          0       1612   stm32f4xx_hal_pwr_ex.o
      1724         58          0          0          0       4380   stm32f4xx_hal_rcc.o
      1708        100          0          0          0      15170   stm32f4xx_hal_tim.o
       296         30          0          0          0       2568   stm32f4xx_hal_tim_ex.o
        32          0          0          0          0       4078   stm32f4xx_it.o
       220         26         24          4          0       2207   system_stm32f4xx.o

    ----------------------------------------------------------------------
      6226        550        486         16       1664     822428   Object Totals
         0          0         32          0          0          0   (incl. Generated)
        10          0          2          3          0          0   (incl. Padding)

    ----------------------------------------------------------------------

      Code (inc. data)   RO Data    RW Data    ZI Data      Debug   Library Member Name

         8          0          0          0          0         68   __main.o
       392          4         17          0          0         92   __printf_flags_ss_wp.o
        14          0          0          0          0         68   __printf_wp.o
         0          0          0          0          0          0   __rtentry.o
        12          0          0          0          0          0   __rtentry2.o
         6          0          0          0          0          0   __rtentry4.o
        52          8          0          0          0          0   __scatter.o
        26          0          0          0          0          0   __scatter_copy.o
        28          0          0          0          0          0   __scatter_zi.o
         6          0          0          0          0          0   _printf_a.o
         6          0          0          0          0          0   _printf_c.o
        44          0          0          0          0        108   _printf_char.o
        48          6          0          0          0         96   _printf_char_common.o
        36          4          0          0          0         80   _printf_char_file.o
        40          0          0          0          0         68   _printf_charcount.o
         6          0          0          0          0          0   _printf_d.o
       120         16          0          0          0         92   _printf_dec.o
         6          0          0          0          0          0   _printf_e.o
         6          0          0          0          0          0   _printf_f.o
      1054          0          0          0          0        216   _printf_fp_dec.o
       764          8         38          0          0        100   _printf_fp_hex.o
       128         16          0          0          0         84   _printf_fp_infnan.o
         6          0          0          0          0          0   _printf_g.o
       148          4         40          0          0        160   _printf_hex_int_ll_ptr.o
         6          0          0          0          0          0   _printf_i.o
       178          0          0          0          0         88   _printf_intcommon.o
        10          0          0          0          0          0   _printf_l.o
         6          0          0          0          0          0   _printf_lc.o
        10          0          0          0          0          0   _printf_ll.o
         6          0          0          0          0          0   _printf_lld.o
         6          0          0          0          0          0   _printf_lli.o
         6          0          0          0          0          0   _printf_llo.o
         6          0          0          0          0          0   _printf_llu.o
         6          0          0          0          0          0   _printf_llx.o
       124         16          0          0          0         92   _printf_longlong_dec.o
         6          0          0          0          0          0   _printf_ls.o
         6          0          0          0          0          0   _printf_n.o
         6          0          0          0          0          0   _printf_o.o
       112         10          0          0          0        124   _printf_oct_int_ll.o
         6          0          0          0          0          0   _printf_p.o
        78          0          0          0          0        108   _printf_pad.o
         0          0          0          0          0          0   _printf_percent.o
         4          0          0          0          0          0   _printf_percent_end.o
         6          0          0          0          0          0   _printf_s.o
        82          0          0          0          0         80   _printf_str.o
        36          0          0          0          0         84   _printf_truncate.o
         6          0          0          0          0          0   _printf_u.o
        44          0          0          0          0        108   _printf_wchar.o
       188          6          8          0          0         92   _printf_wctomb.o
         6          0          0          0          0          0   _printf_x.o
        64          0          0          0          0         92   _wcrtomb.o
       228          4        148          0          0         96   bigflt0.o
      1936        128          0          0          0        672   btod.o
        10          0          0          0          0         68   defsig_exit.o
        50          0          0          0          0         88   defsig_general.o
        80         58          0          0          0         76   defsig_rtmem_inner.o
        14          0          0          0          0         80   defsig_rtmem_outer.o
        52         38          0          0          0         76   defsig_rtred_inner.o
        14          0          0          0          0         80   defsig_rtred_outer.o
        18          0          0          0          0         80   exit.o
        76          0          0          0          0         88   fclose.o
         8          0          0          0          0         68   ferror.o
       470          0          0          0          0         88   flsbuf.o
       236          4          0          0          0        128   fopen.o
        26          0          0          0          0         68   fputc.o
       248          6          0          0          0         84   fseek.o
        66          0          0          0          0         76   ftell.o
        94          0          0          0          0         80   h1_alloc.o
        52          0          0          0          0         68   h1_extend.o
        78          0          0          0          0         80   h1_free.o
        14          0          0          0          0         84   h1_init.o
         6          0          0          0          0        152   heapauxi.o
         4          0          0          0          0        136   hguard.o
         0          0          0          0          0          0   indicate_semi.o
       138          0          0          0          0        168   init_alloc.o
       312         46          0          0          0        112   initio.o
        44         10        272          0          0         76   lc_ctype_c.o
        44         10         28          0          0         76   lc_numeric_c.o
         2          0          0          0          0          0   libinit.o
        46          0          0          0          0          0   libinit2.o
         2          0          0          0          0          0   libshutdown.o
         6          0          0          0          0          0   libshutdown2.o
         8          4          0          0         96         68   libspace.o
       138          0          0          0          0         80   lludiv10.o
       238          0          0          0          0        100   lludivv7m.o
         0          0          0          0          0          0   maybetermalloc1.o
        24          4          0          0          0         84   printf.o
        16          4          0          0          0         76   rt_ctype_table.o
         8          4          0          0          0         68   rt_errno_addr_intlibspace.o
         8          4          0          0          0         68   rt_heap_descriptor_intlibspace.o
         8          4          0          0          0         68   rt_locale_intlibspace.o
        78          0          0          0          0         80   rt_memclr_w.o
         2          0          0          0          0          0   rtexit.o
        10          0          0          0          0          0   rtexit2.o
        70          0          0          0          0         80   setvbuf.o
       240          6          0          0          0        156   stdio.o
         0          0          0         12        252          0   stdio_streams.o
       128          0          0          0          0         68   strcmpv7m.o
        62          0          0          0          0         76   strlen.o
        12          4          0          0          0         68   sys_exit.o
       102          0         12          0          0        240   sys_io.o
        74          0          0          0          0         80   sys_stackheap_outer.o
        14          0          0          0          0         76   sys_wrch.o
         2          0          0          0          0         68   use_no_semi.o
        10          0          0          0          0        116   fpinit.o
         4          0          0          0          0        116   printf1.o
         4          0          0          0          0        116   printf2.o
         0          0          0          0          0          0   usenofp.o
        48          0          0          0          0        124   fpclassify.o

    ----------------------------------------------------------------------
      9672        436        564         12        348       7124   Library Totals
        20          0          1          0          0          0   (incl. Padding)

    ----------------------------------------------------------------------

      Code (inc. data)   RO Data    RW Data    ZI Data      Debug   Library Name

      9586        436        563         12        348       6652   c_w.l
        18          0          0          0          0        348   fz_wm.l
        48          0          0          0          0        124   m_wm.l

    ----------------------------------------------------------------------
      9672        436        564         12        348       7124   Library Totals

    ----------------------------------------------------------------------

==============================================================================


      Code (inc. data)   RO Data    RW Data    ZI Data      Debug   

     15898        986       1050         28       2012     820612   Grand Totals
     15898        986       1050         28       2012     820612   ELF Image Totals
     15898        986       1050         28          0          0   ROM Totals

==============================================================================

    Total RO  Size (Code + RO Data)                16948 (  16.55kB)
    Total RW  Size (RW Data + ZI Data)              2040 (   1.99kB)
    Total ROM Size (Code + RO Data + RW Data)      16976 (  16.58kB)

==============================================================================

